Archive member included to satisfy reference by file (symbol)

C:/devkitPro/libctru/lib\libctru.a(console.o)
                              main.o (consoleInit)
C:/devkitPro/libctru/lib\libctru.a(gfx.o)
                              C:/devkitPro/libctru/lib\libctru.a(console.o) (gfxIsWide)
C:/devkitPro/libctru/lib\libctru.a(apt.o)
                              functions.o (aptMainLoop)
C:/devkitPro/libctru/lib\libctru.a(gspgpu.o)
                              C:/devkitPro/libctru/lib\libctru.a(gfx.o) (gspInit)
C:/devkitPro/libctru/lib\libctru.a(hid.o)
                              functions.o (hidScanInput)
C:/devkitPro/libctru/lib\libctru.a(irrst.o)
                              C:/devkitPro/libctru/lib\libctru.a(hid.o) (irrstInit)
C:/devkitPro/libctru/lib\libctru.a(ctru_init.o)
                              C:/devkitPro/libctru/lib\libctru.a(apt.o) (__system_retAddr)
C:/devkitPro/libctru/lib\libctru.a(initArgv.o)
                              C:/devkitPro/libctru/lib\libctru.a(ctru_init.o) (__system_initArgv)
C:/devkitPro/libctru/lib\libctru.a(syscalls.o)
                              C:/devkitPro/libctru/lib\libctru.a(ctru_init.o) (__system_initSyscalls)
C:/devkitPro/libctru/lib\libctru.a(svc.o)
                              C:/devkitPro/libctru/lib\libctru.a(apt.o) (svcSleepThread)
C:/devkitPro/libctru/lib\libctru.a(stack_adjust.o)
                              C:/devkitPro/devkitARM/bin/../lib/gcc/arm-none-eabi/15.1.0/../../../../arm-none-eabi/lib/armv6k/fpu/3dsx_crt0.o (initSystem)
C:/devkitPro/libctru/lib\libctru.a(default_font.bin.o)
                              C:/devkitPro/libctru/lib\libctru.a(console.o) (default_font_bin)
C:/devkitPro/libctru/lib\libctru.a(linear.o)
                              C:/devkitPro/libctru/lib\libctru.a(gfx.o) (linearAlloc)
C:/devkitPro/libctru/lib\libctru.a(mem_pool.o)
                              C:/devkitPro/libctru/lib\libctru.a(linear.o) (MemPool::Allocate(MemChunk&, unsigned long, int))
C:/devkitPro/libctru/lib\libctru.a(vram.o)
                              C:/devkitPro/libctru/lib\libctru.a(gfx.o) (vramAlloc)
C:/devkitPro/libctru/lib\libctru.a(3dslink.o)
                              C:/devkitPro/libctru/lib\libctru.a(initArgv.o) (__3dslink_host)
C:/devkitPro/libctru/lib\libctru.a(env.o)
                              C:/devkitPro/libctru/lib\libctru.a(irrst.o) (envGetHandle)
C:/devkitPro/libctru/lib\libctru.a(os.o)
                              C:/devkitPro/libctru/lib\libctru.a(syscalls.o) (osGetTime)
C:/devkitPro/libctru/lib\libctru.a(srv.o)
                              C:/devkitPro/libctru/lib\libctru.a(apt.o) (srvInit)
C:/devkitPro/libctru/lib\libctru.a(synchronization.o)
                              C:/devkitPro/libctru/lib\libctru.a(ctru_init.o) (__sync_init)
C:/devkitPro/libctru/lib\libctru.a(thread.o)
                              C:/devkitPro/libctru/lib\libctru.a(apt.o) (threadCreate)
C:/devkitPro/libctru/lib\libctru.a(mappable.o)
                              C:/devkitPro/libctru/lib\libctru.a(apt.o) (mappableAlloc)
C:/devkitPro/libctru/lib\libctru.a(ptmsysm.o)
                              C:/devkitPro/libctru/lib\libctru.a(os.o) (ptmSysmInit)
C:/devkitPro/libctru/lib\libctru.a(srvpm.o)
                              C:/devkitPro/libctru/lib\libctru.a(srv.o) (srvPmGetSessionHandle)
C:/devkitPro/libctru/lib\libctru.a(soc_connect.o)
                              C:/devkitPro/libctru/lib\libctru.a(3dslink.o) (connect)
C:/devkitPro/libctru/lib\libctru.a(soc_socket.o)
                              C:/devkitPro/libctru/lib\libctru.a(3dslink.o) (socket)
C:/devkitPro/libctru/lib\libctru.a(rbtree_find.o)
                              C:/devkitPro/libctru/lib\libctru.a(linear.o) (rbtree_find)
C:/devkitPro/libctru/lib\libctru.a(rbtree_init.o)
                              C:/devkitPro/libctru/lib\libctru.a(linear.o) (rbtree_init)
C:/devkitPro/libctru/lib\libctru.a(rbtree_insert.o)
                              C:/devkitPro/libctru/lib\libctru.a(linear.o) (rbtree_insert)
C:/devkitPro/libctru/lib\libctru.a(rbtree_remove.o)
                              C:/devkitPro/libctru/lib\libctru.a(linear.o) (rbtree_remove)
C:/devkitPro/libctru/lib\libctru.a(rbtree_rotate.o)
                              C:/devkitPro/libctru/lib\libctru.a(rbtree_insert.o) (rbtree_rotate)
C:/devkitPro/libctru/lib\libctru.a(allocateHeaps.o)
                              C:/devkitPro/libctru/lib\libctru.a(ctru_init.o) (__system_allocateHeaps)
C:/devkitPro/libctru/lib\libctru.a(appExit.o)
                              C:/devkitPro/libctru/lib\libctru.a(stack_adjust.o) (__appExit)
C:/devkitPro/libctru/lib\libctru.a(appInit.o)
                              C:/devkitPro/libctru/lib\libctru.a(stack_adjust.o) (__appInit)
C:/devkitPro/libctru/lib\libctru.a(ctru_exit.o)
                              C:/devkitPro/libctru/lib\libctru.a(stack_adjust.o) (__libctru_exit)
C:/devkitPro/libctru/lib\libctru.a(archive_dev.o)
[...]
Memory Configuration

Name             Origin             Length             Attributes
*default*        0x00000000         0xffffffff

Linker script and memory map

                0x00000000                        __sync_synchronize = __sync_synchronize_dmb
                0x00100000                        PROVIDE (__start__ = 0x100000)
                0x00100000                        . = __start__

.text           0x00100000    0x19484
 *(.crt0)
 .crt0          0x00100000       0x94 C:/devkitPro/devkitARM/bin/../lib/gcc/arm-none-eabi/15.1.0/../../../../arm-none-eabi/lib/armv6k/fpu/3dsx_crt0.o
                0x00100000                _start
                0x00100008                __service_ptr
                0x0010000c                __apt_appid
                0x00100010                __heap_size
                0x00100014                __linear_heap_size
                0x00100018                __system_arglist
                0x0010001c                __system_runflags
 *(.init)
 .init          0x00100094        0xc C:/devkitPro/devkitARM/bin/../lib/gcc/arm-none-eabi/15.1.0/armv6k/fpu/crti.o
                0x00100094                _init
 .init          0x001000a0        0xc C:/devkitPro/devkitARM/bin/../lib/gcc/arm-none-eabi/15.1.0/armv6k/fpu/crtn.o
                0x001000ac                        . = ALIGN (0x4)
 *(.text)
 .text          0x001000ac      0x240 C:/devkitPro/devkitARM/bin/../lib/gcc/arm-none-eabi/15.1.0/armv6k/fpu\libgcc.a(_divsi3.o)
                0x001000ac                __divsi3
                0x001000ac                __aeabi_idiv
                0x001002cc                __aeabi_idivmod
 .text          0x001002ec        0x4 C:/devkitPro/devkitARM/bin/../lib/gcc/arm-none-eabi/15.1.0/armv6k/fpu\libgcc.a(_dvmd_tls.o)
                0x001002ec                __aeabi_idiv0
                0x001002ec                __aeabi_ldiv0
 .text          0x001002f0       0xd4 C:/devkitPro/devkitARM/bin/../lib/gcc/arm-none-eabi/15.1.0/armv6k/fpu\libgcc.a(_aeabi_ldivmod.o)
                0x001002f0                __aeabi_ldivmod
 .text          0x001003c4       0x3c C:/devkitPro/devkitARM/bin/../lib/gcc/arm-none-eabi/15.1.0/armv6k/fpu\libgcc.a(_aeabi_uldivmod.o)
                0x001003c4                __aeabi_uldivmod
 .text          0x00100400      0x390 C:/devkitPro/devkitARM/bin/../lib/gcc/arm-none-eabi/15.1.0/../../../../arm-none-eabi/lib/armv6k/fpu\libg.a(libc_a-strcmp.o)
                0x00100408                strcmp
 .text          0x00100790      0x20c C:/devkitPro/devkitARM/bin/../lib/gcc/arm-none-eabi/15.1.0/armv6k/fpu\libgcc.a(_udivsi3.o)
                0x00100790                __aeabi_uidiv
                0x00100790                __udivsi3
                0x0010097c                __aeabi_uidivmod
 *(.text.*)
 .text.__do_global_dtors_aux
                0x0010099c       0x50 C:/devkitPro/devkitARM/bin/../lib/gcc/arm-none-eabi/15.1.0/armv6k/fpu/crtbegin.o
 .text.frame_dummy
                0x001009ec       0x2c C:/devkitPro/devkitARM/bin/../lib/gcc/arm-none-eabi/15.1.0/armv6k/fpu/crtbegin.o
 .text.init_decks
                0x00100a18      0x170 deck.o
                0x00100a18                init_decks
 .text.shuffle_deck
                0x00100b88       0xe8 deck.o
                0x00100b88                shuffle_deck
 .text.cut_card
                0x00100c70       0x84 deck.o
                0x00100c70                cut_card
 .text.print_card
                0x00100cf4       0x64 deck.o
                0x00100cf4                print_card
 .text.cleanup_deck
                0x00100d58       0x8c deck.o
                0x00100d58                cleanup_deck
 .text.check_and_shuffle
                0x00100de4       0xcc deck.o
                0x00100de4                check_and_shuffle
 .text.deal_card
                0x00100eb0      0x100 deck.o
                0x00100eb0                deal_card
 .text.game_start
                0x00100fb0      0x104 functions.o
                0x00100fb0                game_start
 .text.place_bet
                0x001010b4      0x148 functions.o
                0x001010b4                place_bet
 .text.offer_insurance
                0x001011fc      0x12c functions.o
                0x001011fc                offer_insurance
 .text.calculate_hand_value
                0x00101328       0xc4 functions.o
                0x00101328                calculate_hand_value
 .text.add_card_to_hand
                0x001013ec       0x7c functions.o
                0x001013ec                add_card_to_hand
 .text.deal_initial_cards
                0x00101468      0x170 functions.o
                0x00101468                deal_initial_cards
 .text.display_hand
                0x001015d8      0x1fc functions.o
                0x001015d8                display_hand
 .text.determine_winner
                0x001017d4       0xb8 functions.o
                0x001017d4                determine_winner
 .text.handle_dealer_turn
                0x0010188c       0x90 functions.o
                0x0010188c                handle_dealer_turn
 .text.clear_hands
                0x0010191c       0x88 functions.o
                0x0010191c                clear_hands
 .text.is_busted
                0x001019a4       0x14 functions.o
                0x001019a4                is_busted
 .text.is_natural_blackjack
                0x001019b8       0x20 functions.o
                0x001019b8                is_natural_blackjack
 .text.get_player_input
                0x001019d8       0xb8 functions.o
                0x001019d8                get_player_input
 .text.handle_player_turn
                0x00101a90      0x16c functions.o
                0x00101a90                handle_player_turn
 .text.display_game_status
                0x00101bfc       0x94 functions.o
                0x00101bfc                display_game_status
 .text.startup.main
                0x00101c90      0x488 main.o
                0x00101c90                main
 .text.consoleDrawChar
                0x00102118      0x1c8 C:/devkitPro/libctru/lib\libctru.a(console.o)
                0x00102118                consoleDrawChar
 .text.consolePrintChar
                0x001022e0      0x170 C:/devkitPro/libctru/lib\libctru.a(console.o)
                0x001022e0                consolePrintChar
 .text.con_write
                0x00102450      0xc40 C:/devkitPro/libctru/lib\libctru.a(console.o)
                0x00102450                con_write
 .text.newRow   0x00103090      0x110 C:/devkitPro/libctru/lib\libctru.a(console.o)
 .text.consoleInit
                0x001031a0      0x180 C:/devkitPro/libctru/lib\libctru.a(console.o)
                0x001031a0                consoleInit
 .text.gfxPresentFramebuffer
                0x00103320       0xcc C:/devkitPro/libctru/lib\libctru.a(gfx.o)
 .text.gfxIsWide
                0x001033ec       0x1c C:/devkitPro/libctru/lib\libctru.a(gfx.o)
                0x001033ec                gfxIsWide
 .text.gfxSetScreenFormat
                0x00103408       0xf8 C:/devkitPro/libctru/lib\libctru.a(gfx.o)
                0x00103408                gfxSetScreenFormat
 .text.gfxSetDoubleBuffering
                0x00103500       0x10 C:/devkitPro/libctru/lib\libctru.a(gfx.o)
                0x00103500                gfxSetDoubleBuffering
 .text.gfxInit  0x00103510       0xd8 C:/devkitPro/libctru/lib\libctru.a(gfx.o)
                0x00103510                gfxInit
 .text.gfxInitDefault
                0x001035e8       0x10 C:/devkitPro/libctru/lib\libctru.a(gfx.o)
                0x001035e8                gfxInitDefault
 .text.gfxExit  0x001035f8       0xb8 C:/devkitPro/libctru/lib\libctru.a(gfx.o)
                0x001035f8                gfxExit
 .text.gfxGetFramebuffer
                0x001036b0       0xa0 C:/devkitPro/libctru/lib\libctru.a(gfx.o)
                0x001036b0                gfxGetFramebuffer
 .text.gfxFlushBuffers
                0x00103750      0x100 C:/devkitPro/libctru/lib\libctru.a(gfx.o)
                0x00103750                gfxFlushBuffers
 .text.gfxSwapBuffers
                0x00103850       0x50 C:/devkitPro/libctru/lib\libctru.a(gfx.o)
                0x00103850                gfxSwapBuffers
 .text.gfxSwapBuffersGpu
                0x001038a0       0x50 C:/devkitPro/libctru/lib\libctru.a(gfx.o)
                0x001038a0                gfxSwapBuffersGpu
 .text.aptConvertScreenForCapture
                0x001038f0      0x180 C:/devkitPro/libctru/lib\libctru.a(apt.o)
 .text.aptDspSleep
                0x00103a70        0x8 C:/devkitPro/libctru/lib\libctru.a(apt.o)
                0x00103a70                aptDspSleep
 .text.aptDspWakeup
                0x00103a78        0x4 C:/devkitPro/libctru/lib\libctru.a(apt.o)
                0x00103a78                aptDspWakeup
 .text.aptDspCancel
                0x00103a7c        0x4 C:/devkitPro/libctru/lib\libctru.a(apt.o)
                0x00103a7c                aptDspCancel
 .text.aptSendCommand
                0x00103a80      0x138 C:/devkitPro/libctru/lib\libctru.a(apt.o)
                0x00103a80                aptSendCommand
 .text.aptExitProcess
                0x00103bb8       0x44 C:/devkitPro/libctru/lib\libctru.a(apt.o)
 .text.aptExit  0x00103bfc      0x394 C:/devkitPro/libctru/lib\libctru.a(apt.o)
                0x00103bfc                aptExit
 .text.aptHandleSleep
                0x00103f90       0xd8 C:/devkitPro/libctru/lib\libctru.a(apt.o)
                0x00103f90                aptHandleSleep
 .text.APT_SleepIfShellClosed
                0x00104068       0x84 C:/devkitPro/libctru/lib\libctru.a(apt.o)
                0x00104068                APT_SleepIfShellClosed
 .text.aptSetSleepAllowed
                0x001040ec       0x78 C:/devkitPro/libctru/lib\libctru.a(apt.o)
                0x001040ec                aptSetSleepAllowed
 .text.APT_UnlockTransition
                0x00104164       0x84 C:/devkitPro/libctru/lib\libctru.a(apt.o)
                0x00104164                APT_UnlockTransition
 .text.aptEventHandler
                0x001041e8      0x470 C:/devkitPro/libctru/lib\libctru.a(apt.o)
 .text.APT_ReceiveParameter
                0x00104658       0xbc C:/devkitPro/libctru/lib\libctru.a(apt.o)
                0x00104658                APT_ReceiveParameter
 .text.aptReceiveParameter.constprop.0
                0x00104714       0xb0 C:/devkitPro/libctru/lib\libctru.a(apt.o)
 *fill*         0x001047c4        0x4 
 .text.aptScreenTransfer
                0x001047c8      0x294 C:/devkitPro/libctru/lib\libctru.a(apt.o)
 .text.aptWaitForWakeUp.isra.0
                0x00104a5c      0x2d0 C:/devkitPro/libctru/lib\libctru.a(apt.o)
 .text.aptJumpToHomeMenu
                0x00104d2c       0xf4 C:/devkitPro/libctru/lib\libctru.a(apt.o)
                0x00104d2c                aptJumpToHomeMenu
 .text.aptMainLoop
                0x00104e20       0x58 C:/devkitPro/libctru/lib\libctru.a(apt.o)
                0x00104e20                aptMainLoop
 .text.aptInit  0x00104e78      0x240 C:/devkitPro/libctru/lib\libctru.a(apt.o)
                0x00104e78                aptInit
 .text.APT_CheckNew3DS
                0x001050b8       0x90 C:/devkitPro/libctru/lib\libctru.a(apt.o)
                0x001050b8                APT_CheckNew3DS
 .text.gspHardwareInit
                0x00105148      0xc70 C:/devkitPro/libctru/lib\libctru.a(gspgpu.o)
 .text.gspInit  0x00105db8      0x280 C:/devkitPro/libctru/lib\libctru.a(gspgpu.o)
                0x00105db8                gspInit
 .text.gspExit  0x00106038      0x110 C:/devkitPro/libctru/lib\libctru.a(gspgpu.o)
                0x00106038                gspExit
 .text.gspHasGpuRight
                0x00106148       0x10 C:/devkitPro/libctru/lib\libctru.a(gspgpu.o)
                0x00106148                gspHasGpuRight
 .text.gspPresentBuffer
                0x00106158       0xa4 C:/devkitPro/libctru/lib\libctru.a(gspgpu.o)
                0x00106158                gspPresentBuffer
 .text.gspWaitForEvent
                0x001061fc       0x50 C:/devkitPro/libctru/lib\libctru.a(gspgpu.o)
                0x001061fc                gspWaitForEvent
 .text.gxCmdQueueInterrupt
                0x0010624c        0x4 C:/devkitPro/libctru/lib\libctru.a(gspgpu.o)
                0x0010624c                gxCmdQueueInterrupt
 .text.gspEventThreadMain
                0x00106250      0x154 C:/devkitPro/libctru/lib\libctru.a(gspgpu.o)
 .text.GSPGPU_FlushDataCache
                0x001063a4       0x50 C:/devkitPro/libctru/lib\libctru.a(gspgpu.o)
                0x001063a4                GSPGPU_FlushDataCache
 .text.GSPGPU_SetLcdForceBlack
                0x001063f4       0x34 C:/devkitPro/libctru/lib\libctru.a(gspgpu.o)
                0x001063f4                GSPGPU_SetLcdForceBlack
 .text.GSPGPU_AcquireRight
                0x00106428       0x80 C:/devkitPro/libctru/lib\libctru.a(gspgpu.o)
                0x00106428                GSPGPU_AcquireRight
 .text.GSPGPU_ReleaseRight
                0x001064a8       0x5c C:/devkitPro/libctru/lib\libctru.a(gspgpu.o)
                0x001064a8                GSPGPU_ReleaseRight
 .text.GSPGPU_ImportDisplayCaptureInfo
                0x00106504       0x7c C:/devkitPro/libctru/lib\libctru.a(gspgpu.o)
                0x00106504                GSPGPU_ImportDisplayCaptureInfo
 .text.GSPGPU_SaveVramSysArea
                0x00106580       0x2c C:/devkitPro/libctru/lib\libctru.a(gspgpu.o)
                0x00106580                GSPGPU_SaveVramSysArea
 .text.GSPGPU_RestoreVramSysArea
                0x001065ac       0x2c C:/devkitPro/libctru/lib\libctru.a(gspgpu.o)
                0x001065ac                GSPGPU_RestoreVramSysArea
 .text.hidShouldUseIrrst
                0x001065d8       0x24 C:/devkitPro/libctru/lib\libctru.a(hid.o)
                0x001065d8                hidShouldUseIrrst
 .text.hidInit  0x001065fc      0x1cc C:/devkitPro/libctru/lib\libctru.a(hid.o)
                0x001065fc                hidInit
 .text.hidExit  0x001067c8       0xe8 C:/devkitPro/libctru/lib\libctru.a(hid.o)
                0x001067c8                hidExit
 .text.hidScanInput
                0x001068b0      0x2a0 C:/devkitPro/libctru/lib\libctru.a(hid.o)
                0x001068b0                hidScanInput
 .text.hidKeysDown
                0x00106b50       0x10 C:/devkitPro/libctru/lib\libctru.a(hid.o)
                0x00106b50                hidKeysDown
 .text.irrstInit
                0x00106b60      0x1a4 C:/devkitPro/libctru/lib\libctru.a(irrst.o)
                0x00106b60                irrstInit
 .text.irrstExit
                0x00106d04       0xdc C:/devkitPro/libctru/lib\libctru.a(irrst.o)
                0x00106d04                irrstExit
 .text.irrstScanInput
                0x00106de0       0xb4 C:/devkitPro/libctru/lib\libctru.a(irrst.o)
                0x00106de0                irrstScanInput
 .text.irrstKeysHeld
                0x00106e94       0x24 C:/devkitPro/libctru/lib\libctru.a(irrst.o)
                0x00106e94                irrstKeysHeld
 .text.__libctru_init
                0x00106eb8       0x38 C:/devkitPro/libctru/lib\libctru.a(ctru_init.o)
                0x00106eb8                __libctru_init
 .text.__system_initArgv
                0x00106ef0      0x16c C:/devkitPro/libctru/lib\libctru.a(initArgv.o)
                0x00106ef0                __system_initArgv
 .text.__syscall_getreent
                0x0010705c       0x30 C:/devkitPro/libctru/lib\libctru.a(syscalls.o)
                0x0010705c                __syscall_getreent
 .text.__syscall_gettod_r
                0x0010708c       0x64 C:/devkitPro/libctru/lib\libctru.a(syscalls.o)
                0x0010708c                __syscall_gettod_r
 .text.__syscall_lock_acquire
                0x001070f0        0x4 C:/devkitPro/libctru/lib\libctru.a(syscalls.o)
                0x001070f0                __syscall_lock_acquire
 .text.__syscall_lock_release
                0x001070f4        0x4 C:/devkitPro/libctru/lib\libctru.a(syscalls.o)
                0x001070f4                __syscall_lock_release
 .text.__syscall_lock_acquire_recursive
                0x001070f8        0x4 C:/devkitPro/libctru/lib\libctru.a(syscalls.o)
                0x001070f8                __syscall_lock_acquire_recursive
 .text.__syscall_lock_release_recursive
                0x001070fc        0x4 C:/devkitPro/libctru/lib\libctru.a(syscalls.o)
                0x001070fc                __syscall_lock_release_recursive
 .text.__syscall_exit
                0x00107100        0x4 C:/devkitPro/libctru/lib\libctru.a(syscalls.o)
                0x00107100                __syscall_exit
 .text.initThreadVars
                0x00107104       0x54 C:/devkitPro/libctru/lib\libctru.a(syscalls.o)
                0x00107104                initThreadVars
 .text.__system_initSyscalls
                0x00107158       0x80 C:/devkitPro/libctru/lib\libctru.a(syscalls.o)
                0x00107158                __system_initSyscalls
 .text.svcControlMemory
                0x001071d8       0x20 C:/devkitPro/libctru/lib\libctru.a(svc.o)
                0x001071d8                svcControlMemory
 .text.svcQueryMemory
                0x001071f8       0x30 C:/devkitPro/libctru/lib\libctru.a(svc.o)
                0x001071f8                svcQueryMemory
 .text.svcExitProcess
                0x00107228        0x8 C:/devkitPro/libctru/lib\libctru.a(svc.o)
                0x00107228                svcExitProcess
 .text.svcCreateThread
                0x00107230       0x20 C:/devkitPro/libctru/lib\libctru.a(svc.o)
                0x00107230                svcCreateThread
 .text.svcExitThread
                0x00107250        0x8 C:/devkitPro/libctru/lib\libctru.a(svc.o)
                0x00107250                svcExitThread
 .text.svcSleepThread
                0x00107258        0x8 C:/devkitPro/libctru/lib\libctru.a(svc.o)
                0x00107258                svcSleepThread
 .text.svcReleaseMutex
                0x00107260        0x8 C:/devkitPro/libctru/lib\libctru.a(svc.o)
                0x00107260                svcReleaseMutex
 .text.svcCreateEvent
                0x00107268       0x14 C:/devkitPro/libctru/lib\libctru.a(svc.o)
                0x00107268                svcCreateEvent
 .text.svcSignalEvent
                0x0010727c        0x8 C:/devkitPro/libctru/lib\libctru.a(svc.o)
                0x0010727c                svcSignalEvent
 .text.svcClearEvent
                0x00107284        0x8 C:/devkitPro/libctru/lib\libctru.a(svc.o)
                0x00107284                svcClearEvent
 .text.svcMapMemoryBlock
                0x0010728c        0x8 C:/devkitPro/libctru/lib\libctru.a(svc.o)
                0x0010728c                svcMapMemoryBlock
 .text.svcUnmapMemoryBlock
                0x00107294        0x8 C:/devkitPro/libctru/lib\libctru.a(svc.o)
                0x00107294                svcUnmapMemoryBlock
 .text.svcCreateAddressArbiter
                0x0010729c       0x14 C:/devkitPro/libctru/lib\libctru.a(svc.o)
                0x0010729c                svcCreateAddressArbiter
 .text.svcArbitrateAddressNoTimeout
                0x001072b0        0x8 C:/devkitPro/libctru/lib\libctru.a(svc.o)
                0x001072b0                svcArbitrateAddressNoTimeout
 .text.svcCloseHandle
                0x001072b8        0x8 C:/devkitPro/libctru/lib\libctru.a(svc.o)
                0x001072b8                svcCloseHandle
 .text.svcWaitSynchronization
                0x001072c0        0x8 C:/devkitPro/libctru/lib\libctru.a(svc.o)
                0x001072c0                svcWaitSynchronization
 .text.svcWaitSynchronizationN
                0x001072c8       0x28 C:/devkitPro/libctru/lib\libctru.a(svc.o)
                0x001072c8                svcWaitSynchronizationN
 .text.svcDuplicateHandle
                0x001072f0       0x14 C:/devkitPro/libctru/lib\libctru.a(svc.o)
                0x001072f0                svcDuplicateHandle
 .text.svcGetSystemTick
                0x00107304        0x8 C:/devkitPro/libctru/lib\libctru.a(svc.o)
                0x00107304                svcGetSystemTick
 .text.svcConnectToPort
                0x0010730c       0x14 C:/devkitPro/libctru/lib\libctru.a(svc.o)
                0x0010730c                svcConnectToPort
 .text.svcSendSyncRequest
                0x00107320        0x8 C:/devkitPro/libctru/lib\libctru.a(svc.o)
                0x00107320                svcSendSyncRequest
 .text.svcGetResourceLimit
                0x00107328       0x14 C:/devkitPro/libctru/lib\libctru.a(svc.o)
                0x00107328                svcGetResourceLimit
 .text.svcGetResourceLimitLimitValues
                0x0010733c        0x8 C:/devkitPro/libctru/lib\libctru.a(svc.o)
                0x0010733c                svcGetResourceLimitLimitValues
 .text.svcGetResourceLimitCurrentValues
                0x00107344        0x8 C:/devkitPro/libctru/lib\libctru.a(svc.o)
                0x00107344                svcGetResourceLimitCurrentValues
 .text.svcBreak
                0x0010734c        0x8 C:/devkitPro/libctru/lib\libctru.a(svc.o)
                0x0010734c                svcBreak
 .text.initSystem
                0x00107354       0x50 C:/devkitPro/libctru/lib\libctru.a(stack_adjust.o)
                0x00107354                initSystem
 .text.__ctru_exit
                0x001073a4       0x14 C:/devkitPro/libctru/lib\libctru.a(stack_adjust.o)
                0x001073a4                __ctru_exit
 .text._ZL21addrMapNodeComparatorPK11rbtree_nodeS1_
                0x001073b8       0x24 C:/devkitPro/libctru/lib\libctru.a(linear.o)
 .text._ZL21addrMapNodeDestructorP11rbtree_node
                0x001073dc        0x4 C:/devkitPro/libctru/lib\libctru.a(linear.o)
 .text.linearMemAlign
                0x001073e0      0x12c C:/devkitPro/libctru/lib\libctru.a(linear.o)
                0x001073e0                linearMemAlign
 .text.linearAlloc
                0x0010750c        0x8 C:/devkitPro/libctru/lib\libctru.a(linear.o)
                0x0010750c                linearAlloc
 .text.linearFree
                0x00107514       0x5c C:/devkitPro/libctru/lib\libctru.a(linear.o)
                0x00107514                linearFree
 .text._ZN7MemPool13CoalesceRightEP8MemBlock
                0x00107570       0x88 C:/devkitPro/libctru/lib\libctru.a(mem_pool.o)
                0x00107570                MemPool::CoalesceRight(MemBlock*)
 .text._ZN7MemPool8AllocateER8MemChunkmi
                0x001075f8      0x178 C:/devkitPro/libctru/lib\libctru.a(mem_pool.o)
                0x001075f8                MemPool::Allocate(MemChunk&, unsigned long, int)
 .text._ZN7MemPool10DeallocateERK8MemChunk
                0x00107770      0x118 C:/devkitPro/libctru/lib\libctru.a(mem_pool.o)
                0x00107770                MemPool::Deallocate(MemChunk const&)
 .text._ZN7MemPool12GetFreeSpaceEv
                0x00107888       0x30 C:/devkitPro/libctru/lib\libctru.a(mem_pool.o)
                0x00107888                MemPool::GetFreeSpace()
 .text._ZL21addrMapNodeComparatorPK11rbtree_nodeS1_
                0x001078b8       0x24 C:/devkitPro/libctru/lib\libctru.a(vram.o)
 .text._ZL21addrMapNodeDestructorP11rbtree_node
                0x001078dc        0x4 C:/devkitPro/libctru/lib\libctru.a(vram.o)
 .text.vramMemAlignAt
                0x001078e0      0x248 C:/devkitPro/libctru/lib\libctru.a(vram.o)
                0x001078e0                vramMemAlignAt
 .text.vramAlloc
                0x00107b28        0xc C:/devkitPro/libctru/lib\libctru.a(vram.o)
                0x00107b28                vramAlloc
 .text.vramFree
                0x00107b34       0x94 C:/devkitPro/libctru/lib\libctru.a(vram.o)
                0x00107b34                vramFree
 .text.envGetHandle
                0x00107bc8       0x8c C:/devkitPro/libctru/lib\libctru.a(env.o)
                0x00107bc8                envGetHandle
 .text.envDestroyHandles
                0x00107c54       0x50 C:/devkitPro/libctru/lib\libctru.a(env.o)
                0x00107c54                envDestroyHandles
 .text.osGetTimeRef
                0x00107ca4       0x54 C:/devkitPro/libctru/lib\libctru.a(os.o)
                0x00107ca4                osGetTimeRef
 .text.osGetTime
                0x00107cf8       0xec C:/devkitPro/libctru/lib\libctru.a(os.o)
                0x00107cf8                osGetTime
 .text.__ctru_speedup_config
                0x00107de4       0x34 C:/devkitPro/libctru/lib\libctru.a(os.o)
                0x00107de4                __ctru_speedup_config
 .text.srvInit  0x00107e18      0x164 C:/devkitPro/libctru/lib\libctru.a(srv.o)
                0x00107e18                srvInit
 .text.srvExit  0x00107f7c       0x64 C:/devkitPro/libctru/lib\libctru.a(srv.o)
                0x00107f7c                srvExit
 .text.srvEnableNotification
                0x00107fe0       0x60 C:/devkitPro/libctru/lib\libctru.a(srv.o)
                0x00107fe0                srvEnableNotification
 .text.srvGetServiceHandleDirect
                0x00108040       0xa0 C:/devkitPro/libctru/lib\libctru.a(srv.o)
                0x00108040                srvGetServiceHandleDirect
 .text.srvGetServiceHandle
                0x001080e0       0x48 C:/devkitPro/libctru/lib\libctru.a(srv.o)
                0x001080e0                srvGetServiceHandle
 .text.srvSubscribe
                0x00108128       0x34 C:/devkitPro/libctru/lib\libctru.a(srv.o)
                0x00108128                srvSubscribe
 .text.srvReceiveNotification
                0x0010815c       0x60 C:/devkitPro/libctru/lib\libctru.a(srv.o)
                0x0010815c                srvReceiveNotification
 .text.srvPublishToSubscriber
                0x001081bc       0x38 C:/devkitPro/libctru/lib\libctru.a(srv.o)
                0x001081bc                srvPublishToSubscriber
 .text.__sync_init
                0x001081f4        0xc C:/devkitPro/libctru/lib\libctru.a(synchronization.o)
                0x001081f4                __sync_init
 .text.__sync_fini
                0x00108200       0x18 C:/devkitPro/libctru/lib\libctru.a(synchronization.o)
                0x00108200                __sync_fini
 .text.syncArbitrateAddress
                0x00108218       0x28 C:/devkitPro/libctru/lib\libctru.a(synchronization.o)
                0x00108218                syncArbitrateAddress
 .text.LightLock_Lock
                0x00108240       0xac C:/devkitPro/libctru/lib\libctru.a(synchronization.o)
                0x00108240                LightLock_Lock
 .text.LightLock_Unlock
                0x001082ec       0x40 C:/devkitPro/libctru/lib\libctru.a(synchronization.o)
                0x001082ec                LightLock_Unlock
 .text.RecursiveLock_Lock
                0x0010832c       0x54 C:/devkitPro/libctru/lib\libctru.a(synchronization.o)
                0x0010832c                RecursiveLock_Lock
 .text.RecursiveLock_Unlock
                0x00108380       0x54 C:/devkitPro/libctru/lib\libctru.a(synchronization.o)
                0x00108380                RecursiveLock_Unlock
 .text.LightEvent_Init
                0x001083d4       0x44 C:/devkitPro/libctru/lib\libctru.a(synchronization.o)
                0x001083d4                LightEvent_Init
 .text.LightEvent_Clear
                0x00108418       0xb8 C:/devkitPro/libctru/lib\libctru.a(synchronization.o)
                0x00108418                LightEvent_Clear
 .text.LightEvent_Signal
                0x001084d0       0xdc C:/devkitPro/libctru/lib\libctru.a(synchronization.o)
                0x001084d0                LightEvent_Signal
 .text.LightEvent_TryWait
                0x001085ac       0x50 C:/devkitPro/libctru/lib\libctru.a(synchronization.o)
                0x001085ac                LightEvent_TryWait
 .text.LightEvent_Wait
                0x001085fc       0xac C:/devkitPro/libctru/lib\libctru.a(synchronization.o)
                0x001085fc                LightEvent_Wait
 .text.threadCreate
                0x001086a8      0x1fc C:/devkitPro/libctru/lib\libctru.a(thread.o)
                0x001086a8                threadCreate
 .text.threadFree
                0x001088a4       0x38 C:/devkitPro/libctru/lib\libctru.a(thread.o)
                0x001088a4                threadFree
 .text.threadJoin
                0x001088dc       0x24 C:/devkitPro/libctru/lib\libctru.a(thread.o)
                0x001088dc                threadJoin
 .text.threadGetCurrent
                0x00108900       0x30 C:/devkitPro/libctru/lib\libctru.a(thread.o)
                0x00108900                threadGetCurrent
 .text.threadExit
                0x00108930       0x40 C:/devkitPro/libctru/lib\libctru.a(thread.o)
                0x00108930                threadExit
 .text._thread_begin
                0x00108970       0x20 C:/devkitPro/libctru/lib\libctru.a(thread.o)
 .text.mappableFindAddressWithin
                0x00108990       0x90 C:/devkitPro/libctru/lib\libctru.a(mappable.o)
 .text.mappableInit
                0x00108a20       0x28 C:/devkitPro/libctru/lib\libctru.a(mappable.o)
                0x00108a20                mappableInit
 .text.mappableAlloc
                0x00108a48       0x7c C:/devkitPro/libctru/lib\libctru.a(mappable.o)
                0x00108a48                mappableAlloc
 .text.mappableFree
                0x00108ac4        0x4 C:/devkitPro/libctru/lib\libctru.a(mappable.o)
                0x00108ac4                mappableFree
 .text.ptmSysmInit
                0x00108ac8       0x78 C:/devkitPro/libctru/lib\libctru.a(ptmsysm.o)
                0x00108ac8                ptmSysmInit
 .text.ptmSysmExit
                0x00108b40       0x3c C:/devkitPro/libctru/lib\libctru.a(ptmsysm.o)
                0x00108b40                ptmSysmExit
 .text.PTMSYSM_ConfigureNew3DSCPU
                0x00108b7c       0x34 C:/devkitPro/libctru/lib\libctru.a(ptmsysm.o)
                0x00108b7c                PTMSYSM_ConfigureNew3DSCPU
 .text.srvPmGetSessionHandle
                0x00108bb0        0xc C:/devkitPro/libctru/lib\libctru.a(srvpm.o)
                0x00108bb0                srvPmGetSessionHandle
 .text.rbtree_find
                0x00108bbc       0x74 C:/devkitPro/libctru/lib\libctru.a(rbtree_find.o)
                0x00108bbc                rbtree_find
 .text.rbtree_init
                0x00108c30       0x10 C:/devkitPro/libctru/lib\libctru.a(rbtree_init.o)
                0x00108c30                rbtree_init
 .text.do_insert
                0x00108c40      0x198 C:/devkitPro/libctru/lib\libctru.a(rbtree_insert.o)
 .text.rbtree_insert
                0x00108dd8        0x8 C:/devkitPro/libctru/lib\libctru.a(rbtree_insert.o)
                0x00108dd8                rbtree_insert
 .text.rbtree_remove
                0x00108de0      0x310 C:/devkitPro/libctru/lib\libctru.a(rbtree_remove.o)
                0x00108de0                rbtree_remove
 .text.rbtree_rotate
                0x001090f0       0x90 C:/devkitPro/libctru/lib\libctru.a(rbtree_rotate.o)
                0x001090f0                rbtree_rotate
 .text.__system_allocateHeaps
                0x00109180      0x1e8 C:/devkitPro/libctru/lib\libctru.a(allocateHeaps.o)
                0x00109180                __system_allocateHeaps
 .text.__appExit
                0x00109368       0x30 C:/devkitPro/libctru/lib\libctru.a(appExit.o)
                0x00109368                __appExit
 .text.__appInit
                0x00109398       0x30 C:/devkitPro/libctru/lib\libctru.a(appInit.o)
                0x00109398                __appInit
 .text.__libctru_exit
                0x001093c8       0x90 C:/devkitPro/libctru/lib\libctru.a(ctru_exit.o)
                0x001093c8                __libctru_exit
 .text.archive_link
                0x00109458       0x14 C:/devkitPro/libctru/lib\libctru.a(archive_dev.o)
 .text.archive_dirreset
                0x0010946c       0x14 C:/devkitPro/libctru/lib\libctru.a(archive_dev.o)
 .text.archive_chmod
                0x00109480       0x14 C:/devkitPro/libctru/lib\libctru.a(archive_dev.o)
 .text.error_cmp
                0x00109494       0x24 C:/devkitPro/libctru/lib\libctru.a(archive_dev.o)
 .text.archive_translate_error
                0x001094b8       0x50 C:/devkitPro/libctru/lib\libctru.a(archive_dev.o)
 .text.archive_seek
                0x00109508       0xc0 C:/devkitPro/libctru/lib\libctru.a(archive_dev.o)
 .text._archiveInit.part.0
                0x001095c8       0x78 C:/devkitPro/libctru/lib\libctru.a(archive_dev.o)
 .text.archiveFindDevice.part.0
                0x00109640       0xd4 C:/devkitPro/libctru/lib\libctru.a(archive_dev.o)
 .text.archive_utf16path
                0x00109714      0x298 C:/devkitPro/libctru/lib\libctru.a(archive_dev.o)
 .text._archiveUnmountDeviceStruct.part.0
                0x001099ac       0x98 C:/devkitPro/libctru/lib\libctru.a(archive_dev.o)
 .text.archive_statvfs
                0x00109a44       0x14 C:/devkitPro/libctru/lib\libctru.a(archive_dev.o)
 .text.archive_fchmod
                0x00109a58       0x14 C:/devkitPro/libctru/lib\libctru.a(archive_dev.o)
 .text._archiveMountDevice
                0x00109a6c      0x178 C:/devkitPro/libctru/lib\libctru.a(archive_dev.o)
 .text.archive_diropen
                0x00109be4       0xf8 C:/devkitPro/libctru/lib\libctru.a(archive_dev.o)
 .text.archive_fstat
                0x00109cdc       0xac C:/devkitPro/libctru/lib\libctru.a(archive_dev.o)
 .text.archive_fsync
                0x00109d88       0x74 C:/devkitPro/libctru/lib\libctru.a(archive_dev.o)
 .text.archive_close
                0x00109dfc       0x74 C:/devkitPro/libctru/lib\libctru.a(archive_dev.o)
 .text.archive_dirclose
                0x00109e70       0x78 C:/devkitPro/libctru/lib\libctru.a(archive_dev.o)
 .text.sdmc_statvfs
                0x00109ee8       0xec C:/devkitPro/libctru/lib\libctru.a(archive_dev.o)
 .text.archive_chdir
                0x00109fd4       0xf8 C:/devkitPro/libctru/lib\libctru.a(archive_dev.o)
 .text.archive_ftruncate
                0x0010a0cc       0x8c C:/devkitPro/libctru/lib\libctru.a(archive_dev.o)
 .text.archive_read
                0x0010a158       0xbc C:/devkitPro/libctru/lib\libctru.a(archive_dev.o)
 .text.archive_unlink
                0x0010a214       0xa8 C:/devkitPro/libctru/lib\libctru.a(archive_dev.o)
 .text.archive_rmdir
                0x0010a2bc       0xc0 C:/devkitPro/libctru/lib\libctru.a(archive_dev.o)
 .text.archive_mkdir
                0x0010a37c       0xd8 C:/devkitPro/libctru/lib\libctru.a(archive_dev.o)
 .text.archive_stat
                0x0010a454      0x1a0 C:/devkitPro/libctru/lib\libctru.a(archive_dev.o)
 .text.archive_dirnext
                0x0010a5f4      0x164 C:/devkitPro/libctru/lib\libctru.a(archive_dev.o)
 .text.archive_write
                0x0010a758      0x13c C:/devkitPro/libctru/lib\libctru.a(archive_dev.o)
 *fill*         0x0010a894        0x4 
 .text.archive_open
                0x0010a898      0x254 C:/devkitPro/libctru/lib\libctru.a(archive_dev.o)
 .text.archive_rename
                0x0010aaec      0x270 C:/devkitPro/libctru/lib\libctru.a(archive_dev.o)
 .text.archiveMountSdmc
                0x0010ad5c      0x1c8 C:/devkitPro/libctru/lib\libctru.a(archive_dev.o)
                0x0010ad5c                archiveMountSdmc
 .text.archiveUnmountAll
                0x0010af24       0x54 C:/devkitPro/libctru/lib\libctru.a(archive_dev.o)
                0x0010af24                archiveUnmountAll
 .text.fsInit   0x0010af78      0x104 C:/devkitPro/libctru/lib\libctru.a(fs.o)
                0x0010af78                fsInit
 .text.fsExit   0x0010b07c       0x3c C:/devkitPro/libctru/lib\libctru.a(fs.o)
                0x0010b07c                fsExit
 .text.fsExemptFromSession
                0x0010b0b8       0x68 C:/devkitPro/libctru/lib\libctru.a(fs.o)
                0x0010b0b8                fsExemptFromSession
 .text.fsUnexemptFromSession
                0x0010b120       0x50 C:/devkitPro/libctru/lib\libctru.a(fs.o)
                0x0010b120                fsUnexemptFromSession
 .text.FSUSER_OpenFile
                0x0010b170       0xcc C:/devkitPro/libctru/lib\libctru.a(fs.o)
                0x0010b170                FSUSER_OpenFile
 .text.FSUSER_DeleteFile
                0x0010b23c       0xb8 C:/devkitPro/libctru/lib\libctru.a(fs.o)
                0x0010b23c                FSUSER_DeleteFile
 .text.FSUSER_RenameFile
                0x0010b2f4       0xf4 C:/devkitPro/libctru/lib\libctru.a(fs.o)
                0x0010b2f4                FSUSER_RenameFile
 .text.FSUSER_DeleteDirectory
                0x0010b3e8       0xb8 C:/devkitPro/libctru/lib\libctru.a(fs.o)
                0x0010b3e8                FSUSER_DeleteDirectory
 .text.FSUSER_CreateFile
                0x0010b4a0       0xd0 C:/devkitPro/libctru/lib\libctru.a(fs.o)
                0x0010b4a0                FSUSER_CreateFile
 .text.FSUSER_CreateDirectory
                0x0010b570       0xc0 C:/devkitPro/libctru/lib\libctru.a(fs.o)
                0x0010b570                FSUSER_CreateDirectory
 .text.FSUSER_RenameDirectory
                0x0010b630       0xf4 C:/devkitPro/libctru/lib\libctru.a(fs.o)
                0x0010b630                FSUSER_RenameDirectory
 .text.FSUSER_OpenDirectory
                0x0010b724       0xb4 C:/devkitPro/libctru/lib\libctru.a(fs.o)
                0x0010b724                FSUSER_OpenDirectory
 .text.FSUSER_OpenArchive
                0x0010b7d8       0x90 C:/devkitPro/libctru/lib\libctru.a(fs.o)
                0x0010b7d8                FSUSER_OpenArchive
 .text.FSUSER_CloseArchive
                0x0010b868       0x8c C:/devkitPro/libctru/lib\libctru.a(fs.o)
                0x0010b868                FSUSER_CloseArchive
 .text.FSUSER_GetSdmcArchiveResource
                0x0010b8f4       0x74 C:/devkitPro/libctru/lib\libctru.a(fs.o)
                0x0010b8f4                FSUSER_GetSdmcArchiveResource
 .text.FSUSER_IsSdmcWritable
                0x0010b968       0x64 C:/devkitPro/libctru/lib\libctru.a(fs.o)
                0x0010b968                FSUSER_IsSdmcWritable
 .text.FSFILE_Read
                0x0010b9cc       0x64 C:/devkitPro/libctru/lib\libctru.a(fs.o)
                0x0010b9cc                FSFILE_Read
 .text.FSFILE_Write
                0x0010ba30       0x6c C:/devkitPro/libctru/lib\libctru.a(fs.o)
                0x0010ba30                FSFILE_Write
 .text.FSFILE_GetSize
                0x0010ba9c       0x44 C:/devkitPro/libctru/lib\libctru.a(fs.o)
                0x0010ba9c                FSFILE_GetSize
 .text.FSFILE_SetSize
                0x0010bae0       0x28 C:/devkitPro/libctru/lib\libctru.a(fs.o)
                0x0010bae0                FSFILE_SetSize
 .text.FSFILE_Close
                0x0010bb08       0x3c C:/devkitPro/libctru/lib\libctru.a(fs.o)
                0x0010bb08                FSFILE_Close
 .text.FSFILE_Flush
                0x0010bb44       0x24 C:/devkitPro/libctru/lib\libctru.a(fs.o)
                0x0010bb44                FSFILE_Flush
 .text.FSDIR_Read
                0x0010bb68       0x60 C:/devkitPro/libctru/lib\libctru.a(fs.o)
                0x0010bb68                FSDIR_Read
 .text.FSDIR_Close
                0x0010bbc8       0x3c C:/devkitPro/libctru/lib\libctru.a(fs.o)
                0x0010bbc8                FSDIR_Close
 .text.rbtree_node_next
                0x0010bc04       0x60 C:/devkitPro/libctru/lib\libctru.a(rbtree_iterator.o)
                0x0010bc04                rbtree_node_next
 .text.decode_utf8
                0x0010bc64      0x140 C:/devkitPro/libctru/lib\libctru.a(decode_utf8.o)
                0x0010bc64                decode_utf8
 .text.utf16_to_utf8
                0x0010bda4       0xe8 C:/devkitPro/libctru/lib\libctru.a(utf16_to_utf8.o)
                0x0010bda4                utf16_to_utf8
 .text.utf8_to_utf16
                0x0010be8c       0xc0 C:/devkitPro/libctru/lib\libctru.a(utf8_to_utf16.o)
                0x0010be8c                utf8_to_utf16
 .text.__aeabi_read_tp
                0x0010bf4c        0xc C:/devkitPro/libctru/lib\libctru.a(readtp.o)
                0x0010bf4c                __aeabi_read_tp
 .text.decode_utf16
                0x0010bf58       0x54 C:/devkitPro/libctru/lib\libctru.a(decode_utf16.o)
                0x0010bf58                decode_utf16
 .text.encode_utf16
                0x0010bfac       0x54 C:/devkitPro/libctru/lib\libctru.a(encode_utf16.o)
                0x0010bfac                encode_utf16
 .text.encode_utf8
                0x0010c000       0xe0 C:/devkitPro/libctru/lib\libctru.a(encode_utf8.o)
                0x0010c000                encode_utf8
 .text.__udivmoddi4
                0x0010c0e0      0x130 C:/devkitPro/devkitARM/bin/../lib/gcc/arm-none-eabi/15.1.0/armv6k/fpu\libgcc.a(_udivmoddi4.o)
                0x0010c0e0                __udivmoddi4
 .text.strncmp  0x0010c210       0xd8 C:/devkitPro/devkitARM/bin/../lib/gcc/arm-none-eabi/15.1.0/../../../../arm-none-eabi/lib/armv6k/fpu\libg.a(libc_a-strncmp.o)
                0x0010c210                strncmp
 .text.srand    0x0010c2e8       0x1c C:/devkitPro/devkitARM/bin/../lib/gcc/arm-none-eabi/15.1.0/../../../../arm-none-eabi/lib/armv6k/fpu\libg.a(libc_a-rand.o)
                0x0010c2e8                srand
 .text.rand     0x0010c304       0x44 C:/devkitPro/devkitARM/bin/../lib/gcc/arm-none-eabi/15.1.0/../../../../arm-none-eabi/lib/armv6k/fpu\libg.a(libc_a-rand.o)
                0x0010c304                rand
 .text.strlen   0x0010c348       0x8c C:/devkitPro/devkitARM/bin/../lib/gcc/arm-none-eabi/15.1.0/../../../../arm-none-eabi/lib/armv6k/fpu\libg.a(libc_a-strlen.o)
                0x0010c348                strlen
 .text.stdio_exit_handler
                0x0010c3d4       0x1c C:/devkitPro/devkitARM/bin/../lib/gcc/arm-none-eabi/15.1.0/../../../../arm-none-eabi/lib/armv6k/fpu\libg.a(libc_a-findfp.o)
 .text.cleanup_stdio
                0x0010c3f0       0x5c C:/devkitPro/devkitARM/bin/../lib/gcc/arm-none-eabi/15.1.0/../../../../arm-none-eabi/lib/armv6k/fpu\libg.a(libc_a-findfp.o)
 .text.global_stdio_init.part.0
                0x0010c44c      0x154 C:/devkitPro/devkitARM/bin/../lib/gcc/arm-none-eabi/15.1.0/../../../../arm-none-eabi/lib/armv6k/fpu\libg.a(libc_a-findfp.o)
 .text.__sinit  0x0010c5a0       0x5c C:/devkitPro/devkitARM/bin/../lib/gcc/arm-none-eabi/15.1.0/../../../../arm-none-eabi/lib/armv6k/fpu\libg.a(libc_a-findfp.o)
                0x0010c5a0                __sinit
 .text.__sfp_lock_acquire
                0x0010c5fc        0xc C:/devkitPro/devkitARM/bin/../lib/gcc/arm-none-eabi/15.1.0/../../../../arm-none-eabi/lib/armv6k/fpu\libg.a(libc_a-findfp.o)
                0x0010c5fc                __sfp_lock_acquire
 .text.__sfp_lock_release
                0x0010c608        0xc C:/devkitPro/devkitARM/bin/../lib/gcc/arm-none-eabi/15.1.0/../../../../arm-none-eabi/lib/armv6k/fpu\libg.a(libc_a-findfp.o)
                0x0010c608                __sfp_lock_release
 .text._strtoul_l.isra.0
                0x0010c614      0x1ec C:/devkitPro/devkitARM/bin/../lib/gcc/arm-none-eabi/15.1.0/../../../../arm-none-eabi/lib/armv6k/fpu\libg.a(libc_a-strtoul.o)
 .text.strtoul  0x0010c800       0x3c C:/devkitPro/devkitARM/bin/../lib/gcc/arm-none-eabi/15.1.0/../../../../arm-none-eabi/lib/armv6k/fpu\libg.a(libc_a-strtoul.o)
                0x0010c800                strtoul
 .text.__libc_init_array
                0x0010c83c       0x84 C:/devkitPro/devkitARM/bin/../lib/gcc/arm-none-eabi/15.1.0/../../../../arm-none-eabi/lib/armv6k/fpu\libg.a(libc_a-init.o)
                0x0010c83c                __libc_init_array
 .text.strncat  0x0010c8c0       0x9c C:/devkitPro/devkitARM/bin/../lib/gcc/arm-none-eabi/15.1.0/../../../../arm-none-eabi/lib/armv6k/fpu\libg.a(libc_a-strncat.o)
                0x0010c8c0                strncat
 .text._fwalk_sglue
                0x0010c95c       0x70 C:/devkitPro/devkitARM/bin/../lib/gcc/arm-none-eabi/15.1.0/../../../../arm-none-eabi/lib/armv6k/fpu\libg.a(libc_a-fwalk.o)
                0x0010c95c                _fwalk_sglue
 .text.bsearch  0x0010c9cc       0x78 C:/devkitPro/devkitARM/bin/../lib/gcc/arm-none-eabi/15.1.0/../../../../arm-none-eabi/lib/armv6k/fpu\libg.a(libc_a-bsearch.o)
                0x0010c9cc                bsearch
 .text.__errno  0x0010ca44        0xc C:/devkitPro/devkitARM/bin/../lib/gcc/arm-none-eabi/15.1.0/../../../../arm-none-eabi/lib/armv6k/fpu\libg.a(libc_a-errno.o)
                0x0010ca44                __errno
 .text._puts_r  0x0010ca50       0xe0 C:/devkitPro/devkitARM/bin/../lib/gcc/arm-none-eabi/15.1.0/../../../../arm-none-eabi/lib/armv6k/fpu\libg.a(libc_a-puts.o)
                0x0010ca50                _puts_r
 .text.puts     0x0010cb30       0x20 C:/devkitPro/devkitARM/bin/../lib/gcc/arm-none-eabi/15.1.0/../../../../arm-none-eabi/lib/armv6k/fpu\libg.a(libc_a-puts.o)
                0x0010cb30                puts
 .text.memalign
                0x0010cb50       0x28 C:/devkitPro/devkitARM/bin/../lib/gcc/arm-none-eabi/15.1.0/../../../../arm-none-eabi/lib/armv6k/fpu\libg.a(libc_a-malign.o)
                0x0010cb50                memalign
 .text.putchar  0x0010cb78       0x24 C:/devkitPro/devkitARM/bin/../lib/gcc/arm-none-eabi/15.1.0/../../../../arm-none-eabi/lib/armv6k/fpu\libg.a(libc_a-putchar.o)
                0x0010cb78                putchar
 .text._malloc_r
                0x0010cb9c      0x82c C:/devkitPro/devkitARM/bin/../lib/gcc/arm-none-eabi/15.1.0/../../../../arm-none-eabi/lib/armv6k/fpu\libg.a(libc_a-mallocr.o)
                0x0010cb9c                _malloc_r
 .text.strcpy   0x0010d3c8       0xf0 C:/devkitPro/devkitARM/bin/../lib/gcc/arm-none-eabi/15.1.0/../../../../arm-none-eabi/lib/armv6k/fpu\libg.a(libc_a-strcpy.o)
                0x0010d3c8                strcpy
 .text._malloc_trim_r
                0x0010d4b8      0x114 C:/devkitPro/devkitARM/bin/../lib/gcc/arm-none-eabi/15.1.0/../../../../arm-none-eabi/lib/armv6k/fpu\libg.a(libc_a-freer.o)
                0x0010d4b8                _malloc_trim_r
 .text._free_r  0x0010d5cc      0x314 C:/devkitPro/devkitARM/bin/../lib/gcc/arm-none-eabi/15.1.0/../../../../arm-none-eabi/lib/armv6k/fpu\libg.a(libc_a-freer.o)
                0x0010d5cc                _free_r
 .text.printf   0x0010d8e0       0x34 C:/devkitPro/devkitARM/bin/../lib/gcc/arm-none-eabi/15.1.0/../../../../arm-none-eabi/lib/armv6k/fpu\libg.a(libc_a-printf.o)
                0x0010d8e0                printf
 .text.strnlen  0x0010d914       0x3c C:/devkitPro/devkitARM/bin/../lib/gcc/arm-none-eabi/15.1.0/../../../../arm-none-eabi/lib/armv6k/fpu\libg.a(libc_a-strnlen.o)
                0x0010d914                strnlen
 .text.malloc   0x0010d950       0x40 C:/devkitPro/devkitARM/bin/../lib/gcc/arm-none-eabi/15.1.0/../../../../arm-none-eabi/lib/armv6k/fpu\libg.a(libc_a-malloc.o)
                0x0010d950                malloc
 .text.free     0x0010d990       0x20 C:/devkitPro/devkitARM/bin/../lib/gcc/arm-none-eabi/15.1.0/../../../../arm-none-eabi/lib/armv6k/fpu\libg.a(libc_a-malloc.o)
                0x0010d990                free
 .text.__sflush_r
                0x0010d9b0      0x22c C:/devkitPro/devkitARM/bin/../lib/gcc/arm-none-eabi/15.1.0/../../../../arm-none-eabi/lib/armv6k/fpu\libg.a(libc_a-fflush.o)
                0x0010d9b0                __sflush_r
 .text._fflush_r
                0x0010dbdc       0xc4 C:/devkitPro/devkitARM/bin/../lib/gcc/arm-none-eabi/15.1.0/../../../../arm-none-eabi/lib/armv6k/fpu\libg.a(libc_a-fflush.o)
                0x0010dbdc                _fflush_r
 .text.time     0x0010dca0       0x48 C:/devkitPro/devkitARM/bin/../lib/gcc/arm-none-eabi/15.1.0/../../../../arm-none-eabi/lib/armv6k/fpu\libg.a(libc_a-time.o)
                0x0010dca0                time
 .text.memset   0x0010dce8       0xe4 C:/devkitPro/devkitARM/bin/../lib/gcc/arm-none-eabi/15.1.0/../../../../arm-none-eabi/lib/armv6k/fpu\libg.a(libc_a-memset.o)
                0x0010dce8                memset
 .text.__malloc_lock
                0x0010ddcc        0xc C:/devkitPro/devkitARM/bin/../lib/gcc/arm-none-eabi/15.1.0/../../../../arm-none-eabi/lib/armv6k/fpu\libg.a(libc_a-mlock.o)
                0x0010ddcc                __malloc_lock
 .text.__malloc_unlock
                0x0010ddd8        0xc C:/devkitPro/devkitARM/bin/../lib/gcc/arm-none-eabi/15.1.0/../../../../arm-none-eabi/lib/armv6k/fpu\libg.a(libc_a-mlock.o)
                0x0010ddd8                __malloc_unlock
 .text.__call_exitprocs
                0x0010dde4        0x4 C:/devkitPro/devkitARM/bin/../lib/gcc/arm-none-eabi/15.1.0/../../../../arm-none-eabi/lib/armv6k/fpu\libg.a(libc_a-exit.o)
                0x0010dde4                __call_exitprocs
 .text.exit     0x0010dde8       0x30 C:/devkitPro/devkitARM/bin/../lib/gcc/arm-none-eabi/15.1.0/../../../../arm-none-eabi/lib/armv6k/fpu\libg.a(libc_a-exit.o)
                0x0010dde8                exit
 .text.setvbuf  0x0010de18      0x294 C:/devkitPro/devkitARM/bin/../lib/gcc/arm-none-eabi/15.1.0/../../../../arm-none-eabi/lib/armv6k/fpu\libg.a(libc_a-setvbuf.o)
                0x0010de18                setvbuf
 .text.strncpy  0x0010e0ac       0xd4 C:/devkitPro/devkitARM/bin/../lib/gcc/arm-none-eabi/15.1.0/../../../../arm-none-eabi/lib/armv6k/fpu\libg.a(libc_a-strncpy.o)
                0x0010e0ac                strncpy
 .text.memcpy   0x0010e180      0x12c C:/devkitPro/devkitARM/bin/../lib/gcc/arm-none-eabi/15.1.0/../../../../arm-none-eabi/lib/armv6k/fpu\libg.a(libc_a-memcpy-stub.o)
                0x0010e180                memcpy
 .text.__sfvwrite_r
                0x0010e2ac      0x4a4 C:/devkitPro/devkitARM/bin/../lib/gcc/arm-none-eabi/15.1.0/../../../../arm-none-eabi/lib/armv6k/fpu\libg.a(libc_a-fvwrite.o)
                0x0010e2ac                __sfvwrite_r
 .text.__sread  0x0010e750       0x44 C:/devkitPro/devkitARM/bin/../lib/gcc/arm-none-eabi/15.1.0/../../../../arm-none-eabi/lib/armv6k/fpu\libg.a(libc_a-stdio.o)
                0x0010e750                __sread
 .text.__swrite
                0x0010e794       0x68 C:/devkitPro/devkitARM/bin/../lib/gcc/arm-none-eabi/15.1.0/../../../../arm-none-eabi/lib/armv6k/fpu\libg.a(libc_a-stdio.o)
                0x0010e794                __swrite
 .text.__sseek  0x0010e7fc       0x40 C:/devkitPro/devkitARM/bin/../lib/gcc/arm-none-eabi/15.1.0/../../../../arm-none-eabi/lib/armv6k/fpu\libg.a(libc_a-stdio.o)
                0x0010e7fc                __sseek
 .text.__sclose
                0x0010e83c        0x8 C:/devkitPro/devkitARM/bin/../lib/gcc/arm-none-eabi/15.1.0/../../../../arm-none-eabi/lib/armv6k/fpu\libg.a(libc_a-stdio.o)
                0x0010e83c                __sclose
 .text.memmove  0x0010e844      0x16c C:/devkitPro/devkitARM/bin/../lib/gcc/arm-none-eabi/15.1.0/../../../../arm-none-eabi/lib/armv6k/fpu\libg.a(libc_a-memmove.o)
                0x0010e844                memmove
 .text._fclose_r
                0x0010e9b0      0x144 C:/devkitPro/devkitARM/bin/../lib/gcc/arm-none-eabi/15.1.0/../../../../arm-none-eabi/lib/armv6k/fpu\libg.a(libc_a-fclose.o)
                0x0010e9b0                _fclose_r
 .text._memalign_r
                0x0010eaf4      0x16c C:/devkitPro/devkitARM/bin/../lib/gcc/arm-none-eabi/15.1.0/../../../../arm-none-eabi/lib/armv6k/fpu\libg.a(libc_a-malignr.o)
                0x0010eaf4                _memalign_r
 .text._putc_r  0x0010ec60       0xfc C:/devkitPro/devkitARM/bin/../lib/gcc/arm-none-eabi/15.1.0/../../../../arm-none-eabi/lib/armv6k/fpu\libg.a(libc_a-putc.o)
                0x0010ec60                _putc_r
 .text.get_arg  0x0010ed5c      0x5e0 C:/devkitPro/devkitARM/bin/../lib/gcc/arm-none-eabi/15.1.0/../../../../arm-none-eabi/lib/armv6k/fpu\libg.a(libc_a-vfprintf.o)
 *fill*         0x0010f33c        0x4 
 .text._vfprintf_r
                0x0010f340     0x3554 C:/devkitPro/devkitARM/bin/../lib/gcc/arm-none-eabi/15.1.0/../../../../arm-none-eabi/lib/armv6k/fpu\libg.a(libc_a-vfprintf.o)
                0x0010f340                _vfprintf_r
 .text.__sbprintf
                0x00112894       0xb4 C:/devkitPro/devkitARM/bin/../lib/gcc/arm-none-eabi/15.1.0/../../../../arm-none-eabi/lib/armv6k/fpu\libg.a(libc_a-vfprintf.o)
 .text.memchr   0x00112948       0xe8 C:/devkitPro/devkitARM/bin/../lib/gcc/arm-none-eabi/15.1.0/../../../../arm-none-eabi/lib/armv6k/fpu\libg.a(libc_a-memchr-stub.o)
                0x00112948                memchr
 .text.quorem   0x00112a30      0x1c0 C:/devkitPro/devkitARM/bin/../lib/gcc/arm-none-eabi/15.1.0/../../../../arm-none-eabi/lib/armv6k/fpu\libg.a(libc_a-dtoa.o)
 .text._dtoa_r  0x00112bf0     0x13f0 C:/devkitPro/devkitARM/bin/../lib/gcc/arm-none-eabi/15.1.0/../../../../arm-none-eabi/lib/armv6k/fpu\libg.a(libc_a-dtoa.o)
                0x00112bf0                _dtoa_r
 .text._wcrtomb_r
                0x00113fe0       0xa0 C:/devkitPro/devkitARM/bin/../lib/gcc/arm-none-eabi/15.1.0/../../../../arm-none-eabi/lib/armv6k/fpu\libg.a(libc_a-wcrtomb.o)
                0x00113fe0                _wcrtomb_r
 .text.__libc_fini_array
                0x00114080       0x3c C:/devkitPro/devkitARM/bin/../lib/gcc/arm-none-eabi/15.1.0/../../../../arm-none-eabi/lib/armv6k/fpu\libg.a(libc_a-fini.o)
                0x00114080                __libc_fini_array
 .text.__smakebuf_r
                0x001140bc      0x164 C:/devkitPro/devkitARM/bin/../lib/gcc/arm-none-eabi/15.1.0/../../../../arm-none-eabi/lib/armv6k/fpu\libg.a(libc_a-makebuf.o)
                0x001140bc                __smakebuf_r
 .text.__swhatbuf_r
                0x00114220       0x90 C:/devkitPro/devkitARM/bin/../lib/gcc/arm-none-eabi/15.1.0/../../../../arm-none-eabi/lib/armv6k/fpu\libg.a(libc_a-makebuf.o)
                0x00114220                __swhatbuf_r
 .text._realloc_r
                0x001142b0      0x4f0 C:/devkitPro/devkitARM/bin/../lib/gcc/arm-none-eabi/15.1.0/../../../../arm-none-eabi/lib/armv6k/fpu\libg.a(libc_a-reallocr.o)
                0x001142b0                _realloc_r
 .text._wcsrtombs_r
                0x001147a0       0x28 C:/devkitPro/devkitARM/bin/../lib/gcc/arm-none-eabi/15.1.0/../../../../arm-none-eabi/lib/armv6k/fpu\libg.a(libc_a-wcsrtombs.o)
                0x001147a0                _wcsrtombs_r
 .text.__swsetup_r
                0x001147c8      0x140 C:/devkitPro/devkitARM/bin/../lib/gcc/arm-none-eabi/15.1.0/../../../../arm-none-eabi/lib/armv6k/fpu\libg.a(libc_a-wsetup.o)
                0x001147c8                __swsetup_r
 .text.frexp    0x00114908       0x88 C:/devkitPro/devkitARM/bin/../lib/gcc/arm-none-eabi/15.1.0/../../../../arm-none-eabi/lib/armv6k/fpu\libg.a(libm_a-s_frexp.o)
                0x00114908                frexp
 .text.__assert_func
                0x00114990       0x5c C:/devkitPro/devkitARM/bin/../lib/gcc/arm-none-eabi/15.1.0/../../../../arm-none-eabi/lib/armv6k/fpu\libg.a(libc_a-assert.o)
                0x00114990                __assert_func
 .text._Balloc  0x001149ec       0x88 C:/devkitPro/devkitARM/bin/../lib/gcc/arm-none-eabi/15.1.0/../../../../arm-none-eabi/lib/armv6k/fpu\libg.a(libc_a-mprec.o)
                0x001149ec                _Balloc
 .text._Bfree   0x00114a74       0x1c C:/devkitPro/devkitARM/bin/../lib/gcc/arm-none-eabi/15.1.0/../../../../arm-none-eabi/lib/armv6k/fpu\libg.a(libc_a-mprec.o)
                0x00114a74                _Bfree
 .text.__multadd
                0x00114a90       0xf4 C:/devkitPro/devkitARM/bin/../lib/gcc/arm-none-eabi/15.1.0/../../../../arm-none-eabi/lib/armv6k/fpu\libg.a(libc_a-mprec.o)
                0x00114a90                __multadd
 .text.__hi0bits
                0x00114b84       0x80 C:/devkitPro/devkitARM/bin/../lib/gcc/arm-none-eabi/15.1.0/../../../../arm-none-eabi/lib/armv6k/fpu\libg.a(libc_a-mprec.o)
                0x00114b84                __hi0bits
 .text.__lo0bits
                0x00114c04       0xf0 C:/devkitPro/devkitARM/bin/../lib/gcc/arm-none-eabi/15.1.0/../../../../arm-none-eabi/lib/armv6k/fpu\libg.a(libc_a-mprec.o)
                0x00114c04                __lo0bits
 .text.__i2b    0x00114cf4       0xa4 C:/devkitPro/devkitARM/bin/../lib/gcc/arm-none-eabi/15.1.0/../../../../arm-none-eabi/lib/armv6k/fpu\libg.a(libc_a-mprec.o)
                0x00114cf4                __i2b
 .text.__multiply
                0x00114d98      0x230 C:/devkitPro/devkitARM/bin/../lib/gcc/arm-none-eabi/15.1.0/../../../../arm-none-eabi/lib/armv6k/fpu\libg.a(libc_a-mprec.o)
                0x00114d98                __multiply
 .text.__pow5mult
                0x00114fc8      0x130 C:/devkitPro/devkitARM/bin/../lib/gcc/arm-none-eabi/15.1.0/../../../../arm-none-eabi/lib/armv6k/fpu\libg.a(libc_a-mprec.o)
                0x00114fc8                __pow5mult
 .text.__lshift
                0x001150f8      0x138 C:/devkitPro/devkitARM/bin/../lib/gcc/arm-none-eabi/15.1.0/../../../../arm-none-eabi/lib/armv6k/fpu\libg.a(libc_a-mprec.o)
                0x001150f8                __lshift
 .text.__mcmp   0x00115230       0x58 C:/devkitPro/devkitARM/bin/../lib/gcc/arm-none-eabi/15.1.0/../../../../arm-none-eabi/lib/armv6k/fpu\libg.a(libc_a-mprec.o)
                0x00115230                __mcmp
 .text.__mdiff  0x00115288      0x218 C:/devkitPro/devkitARM/bin/../lib/gcc/arm-none-eabi/15.1.0/../../../../arm-none-eabi/lib/armv6k/fpu\libg.a(libc_a-mprec.o)
                0x00115288                __mdiff
 .text.__d2b    0x001154a0      0x120 C:/devkitPro/devkitARM/bin/../lib/gcc/arm-none-eabi/15.1.0/../../../../arm-none-eabi/lib/armv6k/fpu\libg.a(libc_a-mprec.o)
                0x001154a0                __d2b
 .text.__locale_mb_cur_max
                0x001155c0       0x24 C:/devkitPro/devkitARM/bin/../lib/gcc/arm-none-eabi/15.1.0/../../../../arm-none-eabi/lib/armv6k/fpu\libg.a(libc_a-locale.o)
                0x001155c0                __locale_mb_cur_max
 .text.fiprintf
                0x001155e4       0x3c C:/devkitPro/devkitARM/bin/../lib/gcc/arm-none-eabi/15.1.0/../../../../arm-none-eabi/lib/armv6k/fpu\libg.a(libc_a-fiprintf.o)
                0x001155e4                fiprintf
 .text.__swbuf_r
                0x00115620      0x124 C:/devkitPro/devkitARM/bin/../lib/gcc/arm-none-eabi/15.1.0/../../../../arm-none-eabi/lib/armv6k/fpu\libg.a(libc_a-wbuf.o)
                0x00115620                __swbuf_r
 .text._wcsnrtombs_l
                0x00115744      0x15c C:/devkitPro/devkitARM/bin/../lib/gcc/arm-none-eabi/15.1.0/../../../../arm-none-eabi/lib/armv6k/fpu\libg.a(libc_a-wcsnrtombs.o)
                0x00115744                _wcsnrtombs_l
 .text._wcsnrtombs_r
                0x001158a0       0x64 C:/devkitPro/devkitARM/bin/../lib/gcc/arm-none-eabi/15.1.0/../../../../arm-none-eabi/lib/armv6k/fpu\libg.a(libc_a-wcsnrtombs.o)
                0x001158a0                _wcsnrtombs_r
 .text.__utf8_mbtowc
                0x00115904      0x340 C:/devkitPro/devkitARM/bin/../lib/gcc/arm-none-eabi/15.1.0/../../../../arm-none-eabi/lib/armv6k/fpu\libg.a(libc_a-mbtowc_r.o)
                0x00115904                __utf8_mbtowc
 .text.__sprint_r
                0x00115c44       0x30 C:/devkitPro/devkitARM/bin/../lib/gcc/arm-none-eabi/15.1.0/../../../../arm-none-eabi/lib/armv6k/fpu\libg.a(libc_a-sprint_r.o)
                0x00115c44                __sprint_r
 .text.abort    0x00115c74       0x14 C:/devkitPro/devkitARM/bin/../lib/gcc/arm-none-eabi/15.1.0/../../../../arm-none-eabi/lib/armv6k/fpu\libg.a(libc_a-abort.o)
                0x00115c74                abort
 .text._localeconv_r
                0x00115c88       0x24 C:/devkitPro/devkitARM/bin/../lib/gcc/arm-none-eabi/15.1.0/../../../../arm-none-eabi/lib/armv6k/fpu\libg.a(libc_a-localeconv.o)
                0x00115c88                _localeconv_r
 .text._calloc_r
                0x00115cac       0xd8 C:/devkitPro/devkitARM/bin/../lib/gcc/arm-none-eabi/15.1.0/../../../../arm-none-eabi/lib/armv6k/fpu\libg.a(libc_a-callocr.o)
                0x00115cac                _calloc_r
 .text.__utf8_wctomb
                0x00115d84       0xf8 C:/devkitPro/devkitARM/bin/../lib/gcc/arm-none-eabi/15.1.0/../../../../arm-none-eabi/lib/armv6k/fpu\libg.a(libc_a-wctomb_r.o)
                0x00115d84                __utf8_wctomb
 .text.strchr   0x00115e7c      0x140 C:/devkitPro/devkitARM/bin/../lib/gcc/arm-none-eabi/15.1.0/../../../../arm-none-eabi/lib/armv6k/fpu\libg.a(libc_a-strchr.o)
                0x00115e7c                strchr
 .text._raise_r
                0x00115fbc       0x9c C:/devkitPro/devkitARM/bin/../lib/gcc/arm-none-eabi/15.1.0/../../../../arm-none-eabi/lib/armv6k/fpu\libg.a(libc_a-signal.o)
                0x00115fbc                _raise_r
 .text.raise    0x00116058       0x20 C:/devkitPro/devkitARM/bin/../lib/gcc/arm-none-eabi/15.1.0/../../../../arm-none-eabi/lib/armv6k/fpu\libg.a(libc_a-signal.o)
                0x00116058                raise
 .text.get_arg  0x00116078      0x5e0 C:/devkitPro/devkitARM/bin/../lib/gcc/arm-none-eabi/15.1.0/../../../../arm-none-eabi/lib/armv6k/fpu\libg.a(libc_a-vfiprintf.o)
 .text._vfiprintf_r
                0x00116658     0x22f8 C:/devkitPro/devkitARM/bin/../lib/gcc/arm-none-eabi/15.1.0/../../../../arm-none-eabi/lib/armv6k/fpu\libg.a(libc_a-vfiprintf.o)
                0x00116658                _vfiprintf_r
 .text.__sbprintf
                0x00118950       0xb4 C:/devkitPro/devkitARM/bin/../lib/gcc/arm-none-eabi/15.1.0/../../../../arm-none-eabi/lib/armv6k/fpu\libg.a(libc_a-vfiprintf.o)
 .text._exit    0x00118a04       0x20 C:/devkitPro/devkitARM/bin/../lib/gcc/arm-none-eabi/15.1.0/../../../../arm-none-eabi/lib/armv6k/fpu\libsysbase.a(libsysbase_libsysbase_a-_exit.o)
                0x00118a04                _exit
 .text.chdir    0x00118a24      0x140 C:/devkitPro/devkitARM/bin/../lib/gcc/arm-none-eabi/15.1.0/../../../../arm-none-eabi/lib/armv6k/fpu\libsysbase.a(libsysbase_libsysbase_a-chdir.o)
                0x00118a24                chdir
 .text._concatenate_path
                0x00118b64      0x1c8 C:/devkitPro/devkitARM/bin/../lib/gcc/arm-none-eabi/15.1.0/../../../../arm-none-eabi/lib/armv6k/fpu\libsysbase.a(libsysbase_libsysbase_a-concatenate.o)
                0x00118b64                _concatenate_path
 .text._fstat_r
                0x00118d2c       0x9c C:/devkitPro/devkitARM/bin/../lib/gcc/arm-none-eabi/15.1.0/../../../../arm-none-eabi/lib/armv6k/fpu\libsysbase.a(libsysbase_libsysbase_a-fstat.o)
                0x00118d2c                _fstat_r
 .text._getpid_r
                0x00118dc8       0x14 C:/devkitPro/devkitARM/bin/../lib/gcc/arm-none-eabi/15.1.0/../../../../arm-none-eabi/lib/armv6k/fpu\libsysbase.a(libsysbase_libsysbase_a-getpid.o)
                0x00118dc8                _getpid_r
 .text.__getreent
                0x00118ddc       0x2c C:/devkitPro/devkitARM/bin/../lib/gcc/arm-none-eabi/15.1.0/../../../../arm-none-eabi/lib/armv6k/fpu\libsysbase.a(libsysbase_libsysbase_a-getreent.o)
                0x00118ddc                __getreent
 .text._gettimeofday_r
                0x00118e08       0x30 C:/devkitPro/devkitARM/bin/../lib/gcc/arm-none-eabi/15.1.0/../../../../arm-none-eabi/lib/armv6k/fpu\libsysbase.a(libsysbase_libsysbase_a-gettod.o)
                0x00118e08                _gettimeofday_r
 .text.__get_handle
                0x00118e38       0x58 C:/devkitPro/devkitARM/bin/../lib/gcc/arm-none-eabi/15.1.0/../../../../arm-none-eabi/lib/armv6k/fpu\libsysbase.a(libsysbase_libsysbase_a-handle_manager.o)
                0x00118e38                __get_handle
 .text._close_r
                0x00118e90      0x110 C:/devkitPro/devkitARM/bin/../lib/gcc/arm-none-eabi/15.1.0/../../../../arm-none-eabi/lib/armv6k/fpu\libsysbase.a(libsysbase_libsysbase_a-handle_manager.o)
                0x00118e90                _close_r
 .text.null_write
                0x00118fa0        0x8 C:/devkitPro/devkitARM/bin/../lib/gcc/arm-none-eabi/15.1.0/../../../../arm-none-eabi/lib/armv6k/fpu\libsysbase.a(libsysbase_libsysbase_a-iosupport.o)
 .text.setDefaultDevice
                0x00118fa8       0x18 C:/devkitPro/devkitARM/bin/../lib/gcc/arm-none-eabi/15.1.0/../../../../arm-none-eabi/lib/armv6k/fpu\libsysbase.a(libsysbase_libsysbase_a-iosupport.o)
                0x00118fa8                setDefaultDevice
 .text.FindDevice
                0x00118fc0       0xc4 C:/devkitPro/devkitARM/bin/../lib/gcc/arm-none-eabi/15.1.0/../../../../arm-none-eabi/lib/armv6k/fpu\libsysbase.a(libsysbase_libsysbase_a-iosupport.o)
                0x00118fc0                FindDevice
 .text.RemoveDevice
                0x00119084       0x28 C:/devkitPro/devkitARM/bin/../lib/gcc/arm-none-eabi/15.1.0/../../../../arm-none-eabi/lib/armv6k/fpu\libsysbase.a(libsysbase_libsysbase_a-iosupport.o)
                0x00119084                RemoveDevice
 .text.AddDevice
                0x001190ac       0x98 C:/devkitPro/devkitARM/bin/../lib/gcc/arm-none-eabi/15.1.0/../../../../arm-none-eabi/lib/armv6k/fpu\libsysbase.a(libsysbase_libsysbase_a-iosupport.o)
                0x001190ac                AddDevice
 .text.GetDeviceOpTab
                0x00119144       0x20 C:/devkitPro/devkitARM/bin/../lib/gcc/arm-none-eabi/15.1.0/../../../../arm-none-eabi/lib/armv6k/fpu\libsysbase.a(libsysbase_libsysbase_a-iosupport.o)
                0x00119144                GetDeviceOpTab
 .text._isatty_r
                0x00119164        0x8 C:/devkitPro/devkitARM/bin/../lib/gcc/arm-none-eabi/15.1.0/../../../../arm-none-eabi/lib/armv6k/fpu\libsysbase.a(libsysbase_libsysbase_a-isatty.o)
                0x00119164                _isatty_r
 .text._kill_r  0x0011916c       0x14 C:/devkitPro/devkitARM/bin/../lib/gcc/arm-none-eabi/15.1.0/../../../../arm-none-eabi/lib/armv6k/fpu\libsysbase.a(libsysbase_libsysbase_a-kill.o)
                0x0011916c                _kill_r
 .text._lseek_r
                0x00119180       0x94 C:/devkitPro/devkitARM/bin/../lib/gcc/arm-none-eabi/15.1.0/../../../../arm-none-eabi/lib/armv6k/fpu\libsysbase.a(libsysbase_libsysbase_a-lseek.o)
                0x00119180                _lseek_r
 .text._read_r  0x00119214       0x94 C:/devkitPro/devkitARM/bin/../lib/gcc/arm-none-eabi/15.1.0/../../../../arm-none-eabi/lib/armv6k/fpu\libsysbase.a(libsysbase_libsysbase_a-read.o)
                0x00119214                _read_r
 .text._sbrk_r  0x001192a8       0x78 C:/devkitPro/devkitARM/bin/../lib/gcc/arm-none-eabi/15.1.0/../../../../arm-none-eabi/lib/armv6k/fpu\libsysbase.a(libsysbase_libsysbase_a-sbrk.o)
                0x001192a8                _sbrk_r
 .text.__libc_lock_acquire
                0x00119320       0x1c C:/devkitPro/devkitARM/bin/../lib/gcc/arm-none-eabi/15.1.0/../../../../arm-none-eabi/lib/armv6k/fpu\libsysbase.a(libsysbase_libsysbase_a-syscall_support.o)
                0x00119320                __libc_lock_acquire
 .text.__libc_lock_release
                0x0011933c       0x1c C:/devkitPro/devkitARM/bin/../lib/gcc/arm-none-eabi/15.1.0/../../../../arm-none-eabi/lib/armv6k/fpu\libsysbase.a(libsysbase_libsysbase_a-syscall_support.o)
                0x0011933c                __libc_lock_release
 .text.__libc_lock_acquire_recursive
                0x00119358       0x1c C:/devkitPro/devkitARM/bin/../lib/gcc/arm-none-eabi/15.1.0/../../../../arm-none-eabi/lib/armv6k/fpu\libsysbase.a(libsysbase_libsysbase_a-syscall_support.o)
                0x00119358                __libc_lock_acquire_recursive
 .text.__libc_lock_release_recursive
                0x00119374       0x1c C:/devkitPro/devkitARM/bin/../lib/gcc/arm-none-eabi/15.1.0/../../../../arm-none-eabi/lib/armv6k/fpu\libsysbase.a(libsysbase_libsysbase_a-syscall_support.o)
                0x00119374                __libc_lock_release_recursive
 .text._write_r
                0x00119390       0x94 C:/devkitPro/devkitARM/bin/../lib/gcc/arm-none-eabi/15.1.0/../../../../arm-none-eabi/lib/armv6k/fpu\libsysbase.a(libsysbase_libsysbase_a-write.o)
                0x00119390                _write_r
 .text.strrchr  0x00119424       0x48 C:/devkitPro/devkitARM/bin/../lib/gcc/arm-none-eabi/15.1.0/../../../../arm-none-eabi/lib/armv6k/fpu\libg.a(libc_a-strrchr.o)
                0x00119424                strrchr
 *(.glue_7)
 .glue_7        0x0011946c        0x0 linker stubs
 *(.glue_7t)
 .glue_7t       0x0011946c        0x0 linker stubs
 *(.stub)
 *(.gnu.warning)
 *(.gnu.linkonce.t*)
                0x0011946c                        . = ALIGN (0x4)
 *(.fini)
 .fini          0x0011946c        0xc C:/devkitPro/devkitARM/bin/../lib/gcc/arm-none-eabi/15.1.0/armv6k/fpu/crti.o
                0x0011946c                _fini
 .fini          0x00119478        0xc C:/devkitPro/devkitARM/bin/../lib/gcc/arm-none-eabi/15.1.0/armv6k/fpu/crtn.o
                0x00119484                        . = ALIGN (0x4)

.vfp11_veneer   0x00119484        0x0
 .vfp11_veneer  0x00119484        0x0 linker stubs

.v4_bx          0x00119484        0x0
 .v4_bx         0x00119484        0x0 linker stubs

.iplt           0x00119484        0x0
 .iplt          0x00119484        0x0 C:/devkitPro/devkitARM/bin/../lib/gcc/arm-none-eabi/15.1.0/../../../../arm-none-eabi/lib/armv6k/fpu/3dsx_crt0.o
                0x0011a000                        . = ALIGN (0x1000)

.rodata         0x0011a000     0x1f40
 *(.rodata)
 .rodata        0x0011a000        0x5 functions.o
 *fill*         0x0011a005        0x3 
 .rodata        0x0011a008        0xc C:/devkitPro/libctru/lib\libctru.a(archive_dev.o)
 *(.roda)
 *(.rodata.*)
 .rodata.str1.4
                0x0011a014      0xd4c deck.o
                                0x35d (size before relaxing)
 .rodata.str1.4
                0x0011ad60      0x5b3 functions.o
 .rodata.str1.4
                0x0011ad60      0x2b1 main.o
 .rodata.consolePrintChar
                0x0011ad60        0x6 C:/devkitPro/libctru/lib\libctru.a(console.o)
 .rodata.con_write
                0x0011ad66      0x164 C:/devkitPro/libctru/lib\libctru.a(console.o)
 .rodata.str1.4
                0x0011aeca       0x10 C:/devkitPro/libctru/lib\libctru.a(console.o)
 *fill*         0x0011aeca        0x2 
 .rodata.dotab_stdout
                0x0011aecc       0x80 C:/devkitPro/libctru/lib\libctru.a(console.o)
 .rodata.grayScale
                0x0011af4c       0x18 C:/devkitPro/libctru/lib\libctru.a(console.o)
 .rodata.colorCube
                0x0011af64        0x6 C:/devkitPro/libctru/lib\libctru.a(console.o)
 *fill*         0x0011af6a        0x2 
 .rodata.colorTable
                0x0011af6c       0x30 C:/devkitPro/libctru/lib\libctru.a(console.o)
 .rodata.aptEventHandler
                0x0011af9c        0xb C:/devkitPro/libctru/lib\libctru.a(apt.o)
 .rodata.aptWaitForWakeUp.isra.0
                0x0011afa7       0x11 C:/devkitPro/libctru/lib\libctru.a(apt.o)
 .rodata.morton_y.2
                0x0011afb8        0x8 C:/devkitPro/libctru/lib\libctru.a(apt.o)
 .rodata.morton_x.3
                0x0011afc0        0x8 C:/devkitPro/libctru/lib\libctru.a(apt.o)
 .rodata.s_sleepWakeEvents.4
                0x0011afc8        0x8 C:/devkitPro/libctru/lib\libctru.a(apt.o)
 .rodata.str1.4
                0x0011afd0       0x16 C:/devkitPro/libctru/lib\libctru.a(apt.o)
 .rodata.serviceNameTable.5
                0x0011afd0        0xc C:/devkitPro/libctru/lib\libctru.a(apt.o)
 .rodata.gspInit.str1.4
                0x0011afdc        0x9 C:/devkitPro/libctru/lib\libctru.a(gspgpu.o)
 .rodata.hidInit.str1.4
                0x0011afdc       0x15 C:/devkitPro/libctru/lib\libctru.a(hid.o)
 .rodata.irrstInit.str1.4
                0x0011afdc        0x7 C:/devkitPro/libctru/lib\libctru.a(irrst.o)
 .rodata.__system_initArgv.str1.4
                0x0011afdc        0xa C:/devkitPro/libctru/lib\libctru.a(initArgv.o)
 .rodata.default_font_bin
                0x0011afdc      0x800 C:/devkitPro/libctru/lib\libctru.a(default_font.bin.o)
                0x0011afdc                default_font_bin
                0x0011b7dc                default_font_bin_end
 .rodata.srvInit.str1.4
                0x0011b7dc        0x5 C:/devkitPro/libctru/lib\libctru.a(srv.o)
 .rodata.ptmSysmInit.str1.4
                0x0011b7dc        0x9 C:/devkitPro/libctru/lib\libctru.a(ptmsysm.o)
 .rodata.archive_utf16path.str1.4
                0x0011b7dc        0x2 C:/devkitPro/libctru/lib\libctru.a(archive_dev.o)
 .rodata._archiveUnmountDeviceStruct.part.0.str1.4
                0x0011b7dc        0x2 C:/devkitPro/libctru/lib\libctru.a(archive_dev.o)
 .rodata._archiveMountDevice.str1.4
                0x0011b7dc        0xc C:/devkitPro/libctru/lib\libctru.a(archive_dev.o)
 .rodata.archiveMountSdmc.str1.4
                0x0011b7dc        0x5 C:/devkitPro/libctru/lib\libctru.a(archive_dev.o)
 .rodata.error_table
                0x0011b7dc       0x30 C:/devkitPro/libctru/lib\libctru.a(archive_dev.o)
 .rodata.str1.4
                0x0011b80c        0x8 C:/devkitPro/libctru/lib\libctru.a(archive_dev.o)
 .rodata.archive_devoptab
                0x0011b80c       0x80 C:/devkitPro/libctru/lib\libctru.a(archive_dev.o)
 .rodata.fsInit.str1.4
                0x0011b88c        0x8 C:/devkitPro/libctru/lib\libctru.a(fs.o)
 .rodata._puts_r.str1.4
                0x0011b88c        0x2 C:/devkitPro/devkitARM/bin/../lib/gcc/arm-none-eabi/15.1.0/../../../../arm-none-eabi/lib/armv6k/fpu\libg.a(libc_a-puts.o)
 .rodata._ctype_
                0x0011b88c      0x101 C:/devkitPro/devkitARM/bin/../lib/gcc/arm-none-eabi/15.1.0/../../../../arm-none-eabi/lib/armv6k/fpu\libg.a(libc_a-ctype_.o)
                0x0011b88c                _ctype_
 *fill*         0x0011b98d        0x1 
 .rodata.get_arg
                0x0011b98e       0x34 C:/devkitPro/devkitARM/bin/../lib/gcc/arm-none-eabi/15.1.0/../../../../arm-none-eabi/lib/armv6k/fpu\libg.a(libc_a-vfprintf.o)
 .rodata._vfprintf_r.str1.1
                0x0011b9c2       0x3b C:/devkitPro/devkitARM/bin/../lib/gcc/arm-none-eabi/15.1.0/../../../../arm-none-eabi/lib/armv6k/fpu\libg.a(libc_a-vfprintf.o)
 *fill*         0x0011b9fd        0x1 
 .rodata._vfprintf_r
                0x0011b9fe       0xb6 C:/devkitPro/devkitARM/bin/../lib/gcc/arm-none-eabi/15.1.0/../../../../arm-none-eabi/lib/armv6k/fpu\libg.a(libc_a-vfprintf.o)
 .rodata.zeroes.0
                0x0011bab4       0x10 C:/devkitPro/devkitARM/bin/../lib/gcc/arm-none-eabi/15.1.0/../../../../arm-none-eabi/lib/armv6k/fpu\libg.a(libc_a-vfprintf.o)
 .rodata.blanks.1
                0x0011bac4       0x10 C:/devkitPro/devkitARM/bin/../lib/gcc/arm-none-eabi/15.1.0/../../../../arm-none-eabi/lib/armv6k/fpu\libg.a(libc_a-vfprintf.o)
 .rodata._dtoa_r.str1.4
                0x0011bad4       0x6a C:/devkitPro/devkitARM/bin/../lib/gcc/arm-none-eabi/15.1.0/../../../../arm-none-eabi/lib/armv6k/fpu\libg.a(libc_a-dtoa.o)
 .rodata._dtoa_r
                0x0011bad4        0x8 C:/devkitPro/devkitARM/bin/../lib/gcc/arm-none-eabi/15.1.0/../../../../arm-none-eabi/lib/armv6k/fpu\libg.a(libc_a-dtoa.o)
 .rodata.__action_table
                0x0011badc       0x6c C:/devkitPro/devkitARM/bin/../lib/gcc/arm-none-eabi/15.1.0/../../../../arm-none-eabi/lib/armv6k/fpu\libg.a(libc_a-svfiprintf.o)
                0x0011badc                __action_table
 .rodata.__state_table
                0x0011bb48       0x6c C:/devkitPro/devkitARM/bin/../lib/gcc/arm-none-eabi/15.1.0/../../../../arm-none-eabi/lib/armv6k/fpu\libg.a(libc_a-svfiprintf.o)
                0x0011bb48                __state_table
 .rodata.__chclass
                0x0011bbb4      0x100 C:/devkitPro/devkitARM/bin/../lib/gcc/arm-none-eabi/15.1.0/../../../../arm-none-eabi/lib/armv6k/fpu\libg.a(libc_a-svfiprintf.o)
                0x0011bbb4                __chclass
 .rodata.__assert_func.str1.4
                0x0011bcb4       0x43 C:/devkitPro/devkitARM/bin/../lib/gcc/arm-none-eabi/15.1.0/../../../../arm-none-eabi/lib/armv6k/fpu\libg.a(libc_a-assert.o)
 .rodata.__multadd.str1.4
                0x0011bcb4       0x57 C:/devkitPro/devkitARM/bin/../lib/gcc/arm-none-eabi/15.1.0/../../../../arm-none-eabi/lib/armv6k/fpu\libg.a(libc_a-mprec.o)
 .rodata.p05.0  0x0011bcb4        0xc C:/devkitPro/devkitARM/bin/../lib/gcc/arm-none-eabi/15.1.0/../../../../arm-none-eabi/lib/armv6k/fpu\libg.a(libc_a-mprec.o)
 .rodata.__mprec_bigtens
                0x0011bcc0       0x28 C:/devkitPro/devkitARM/bin/../lib/gcc/arm-none-eabi/15.1.0/../../../../arm-none-eabi/lib/armv6k/fpu\libg.a(libc_a-mprec.o)
                0x0011bcc0                __mprec_bigtens
 .rodata.__mprec_tens
                0x0011bce8       0xc8 C:/devkitPro/devkitARM/bin/../lib/gcc/arm-none-eabi/15.1.0/../../../../arm-none-eabi/lib/armv6k/fpu\libg.a(libc_a-mprec.o)
                0x0011bce8                __mprec_tens
 .rodata.str1.4
                0x0011bdb0       0x4c C:/devkitPro/devkitARM/bin/../lib/gcc/arm-none-eabi/15.1.0/../../../../arm-none-eabi/lib/armv6k/fpu\libg.a(libc_a-locale.o)
 .rodata.get_arg
                0x0011bdb0       0x34 C:/devkitPro/devkitARM/bin/../lib/gcc/arm-none-eabi/15.1.0/../../../../arm-none-eabi/lib/armv6k/fpu\libg.a(libc_a-vfiprintf.o)
 .rodata._vfiprintf_r.str1.1
                0x0011bde4       0x29 C:/devkitPro/devkitARM/bin/../lib/gcc/arm-none-eabi/15.1.0/../../../../arm-none-eabi/lib/armv6k/fpu\libg.a(libc_a-vfiprintf.o)
 .rodata._vfiprintf_r
                0x0011bde4       0xb6 C:/devkitPro/devkitARM/bin/../lib/gcc/arm-none-eabi/15.1.0/../../../../arm-none-eabi/lib/armv6k/fpu\libg.a(libc_a-vfiprintf.o)
 *fill*         0x0011be9a        0x2 
 .rodata.zeroes.0
                0x0011be9c       0x10 C:/devkitPro/devkitARM/bin/../lib/gcc/arm-none-eabi/15.1.0/../../../../arm-none-eabi/lib/armv6k/fpu\libg.a(libc_a-vfiprintf.o)
 .rodata.blanks.1
                0x0011beac       0x10 C:/devkitPro/devkitARM/bin/../lib/gcc/arm-none-eabi/15.1.0/../../../../arm-none-eabi/lib/armv6k/fpu\libg.a(libc_a-vfiprintf.o)
 .rodata.AddDevice.str1.4
                0x0011bebc        0x8 C:/devkitPro/devkitARM/bin/../lib/gcc/arm-none-eabi/15.1.0/../../../../arm-none-eabi/lib/armv6k/fpu\libsysbase.a(libsysbase_libsysbase_a-iosupport.o)
 .rodata.dotab_stdnull
                0x0011bebc       0x80 C:/devkitPro/devkitARM/bin/../lib/gcc/arm-none-eabi/15.1.0/../../../../arm-none-eabi/lib/armv6k/fpu\libsysbase.a(libsysbase_libsysbase_a-iosupport.o)
                0x0011bebc                dotab_stdnull
 *all.rodata*(*)
 *(.gnu.linkonce.r*)
                0x0011bf3c                        . = ALIGN (0x4)
                0x0011bf3c                        __tdata_align = .
                0x0011bf3c        0x4 LONG 0x4 ALIGNOF (.tdata)
                0x0011bf40                        . = ALIGN (0x4)

.eh_frame       0x0011bf40        0x0
 .eh_frame      0x0011bf40        0x0 C:/devkitPro/devkitARM/bin/../lib/gcc/arm-none-eabi/15.1.0/armv6k/fpu/crtbegin.o

.rel.dyn        0x0011bf40        0x0
 .rel.iplt      0x0011bf40        0x0 C:/devkitPro/devkitARM/bin/../lib/gcc/arm-none-eabi/15.1.0/../../../../arm-none-eabi/lib/armv6k/fpu/3dsx_crt0.o
 .rel.got       0x0011bf40        0x0 C:/devkitPro/devkitARM/bin/../lib/gcc/arm-none-eabi/15.1.0/../../../../arm-none-eabi/lib/armv6k/fpu/3dsx_crt0.o

.ARM.extab
 *(.ARM.extab* .gnu.linkonce.armextab.*)
                0x0011bf40                        __exidx_start = .

.ARM.exidx
 *(.ARM.exidx* .gnu.linkonce.armexidx.*)
                0x0011bf40                        __exidx_end = .
                0x0011c000                        . = ALIGN (0x1000)

.data           0x0011c000     0x1c74
 *(.data)
 .data          0x0011c000       0x88 deck.o
                0x0011c000                cardFaces
                0x0011c034                cardSuits
                0x0011c044                cardSigns
                0x0011c078                cardSuitSymbols
 *(.data.*)
 .data.firstConsoleInit.0
                0x0011c088        0x1 C:/devkitPro/libctru/lib\libctru.a(console.o)
 *fill*         0x0011c089        0x3 
 .data.currentConsole
                0x0011c08c        0x4 C:/devkitPro/libctru/lib\libctru.a(console.o)
                0x0011c08c                currentConsole
 .data.defaultConsole
                0x0011c090       0x48 C:/devkitPro/libctru/lib\libctru.a(console.o)
                0x0011c090                defaultConsole
 .data.aptChainloadDeliverArgSize
                0x0011c0d8        0x4 C:/devkitPro/libctru/lib\libctru.a(apt.o)
 .data.kCount   0x0011c0dc        0x4 C:/devkitPro/libctru/lib\libctru.a(hid.o)
 .data.kInterval
                0x0011c0e0        0x4 C:/devkitPro/libctru/lib\libctru.a(hid.o)
 .data.kDelay   0x0011c0e4        0x4 C:/devkitPro/libctru/lib\libctru.a(hid.o)
 .data.__stacksize__
                0x0011c0e8        0x4 C:/devkitPro/libctru/lib\libctru.a(stack_adjust.o)
                0x0011c0e8                __stacksize__
 .data.__sglue  0x0011c0ec        0xc C:/devkitPro/devkitARM/bin/../lib/gcc/arm-none-eabi/15.1.0/../../../../arm-none-eabi/lib/armv6k/fpu\libg.a(libc_a-findfp.o)
                0x0011c0ec                __sglue
 .data.__malloc_sbrk_base
                0x0011c0f8        0x4 C:/devkitPro/devkitARM/bin/../lib/gcc/arm-none-eabi/15.1.0/../../../../arm-none-eabi/lib/armv6k/fpu\libg.a(libc_a-mallocr.o)
                0x0011c0f8                __malloc_sbrk_base
 .data.__malloc_trim_threshold
                0x0011c0fc        0x4 C:/devkitPro/devkitARM/bin/../lib/gcc/arm-none-eabi/15.1.0/../../../../arm-none-eabi/lib/armv6k/fpu\libg.a(libc_a-mallocr.o)
                0x0011c0fc                __malloc_trim_threshold
 .data.__malloc_av_
                0x0011c100      0x408 C:/devkitPro/devkitARM/bin/../lib/gcc/arm-none-eabi/15.1.0/../../../../arm-none-eabi/lib/armv6k/fpu\libg.a(libc_a-mallocr.o)
                0x0011c100                __malloc_av_
 .data._impure_ptr
                0x0011c508        0x4 C:/devkitPro/devkitARM/bin/../lib/gcc/arm-none-eabi/15.1.0/../../../../arm-none-eabi/lib/armv6k/fpu\libg.a(libc_a-impure.o)
                0x0011c508                _impure_ptr
 *fill*         0x0011c50c        0x4 
 .data._impure_data
                0x0011c510      0x140 C:/devkitPro/devkitARM/bin/../lib/gcc/arm-none-eabi/15.1.0/../../../../arm-none-eabi/lib/armv6k/fpu\libg.a(libc_a-impure.o)
                0x0011c510                _impure_data
 .data.__global_locale
                0x0011c650      0x16c C:/devkitPro/devkitARM/bin/../lib/gcc/arm-none-eabi/15.1.0/../../../../arm-none-eabi/lib/armv6k/fpu\libg.a(libc_a-locale.o)
                0x0011c650                __global_locale
 .data._current_working_directory
                0x0011c7bc      0x400 C:/devkitPro/devkitARM/bin/../lib/gcc/arm-none-eabi/15.1.0/../../../../arm-none-eabi/lib/armv6k/fpu\libsysbase.a(libsysbase_libsysbase_a-chdir.o)
 *fill*         0x0011cbbc        0x4 
 .data.handles  0x0011cbc0     0x1000 C:/devkitPro/devkitARM/bin/../lib/gcc/arm-none-eabi/15.1.0/../../../../arm-none-eabi/lib/armv6k/fpu\libsysbase.a(libsysbase_libsysbase_a-handle_manager.o)
 .data.__stderr_handle
                0x0011dbc0        0xc C:/devkitPro/devkitARM/bin/../lib/gcc/arm-none-eabi/15.1.0/../../../../arm-none-eabi/lib/armv6k/fpu\libsysbase.a(libsysbase_libsysbase_a-handle_manager.o)
 .data.__stdout_handle
                0x0011dbcc        0xc C:/devkitPro/devkitARM/bin/../lib/gcc/arm-none-eabi/15.1.0/../../../../arm-none-eabi/lib/armv6k/fpu\libsysbase.a(libsysbase_libsysbase_a-handle_manager.o)
 .data.__stdin_handle
                0x0011dbd8        0xc C:/devkitPro/devkitARM/bin/../lib/gcc/arm-none-eabi/15.1.0/../../../../arm-none-eabi/lib/armv6k/fpu\libsysbase.a(libsysbase_libsysbase_a-handle_manager.o)
 .data.devoptab_list
                0x0011dbe4       0x8c C:/devkitPro/devkitARM/bin/../lib/gcc/arm-none-eabi/15.1.0/../../../../arm-none-eabi/lib/armv6k/fpu\libsysbase.a(libsysbase_libsysbase_a-iosupport.o)
                0x0011dbe4                devoptab_list
 .data.defaultDevice
                0x0011dc70        0x4 C:/devkitPro/devkitARM/bin/../lib/gcc/arm-none-eabi/15.1.0/../../../../arm-none-eabi/lib/armv6k/fpu\libsysbase.a(libsysbase_libsysbase_a-iosupport.o)
 *(.gnu.linkonce.d*)
                0x0011dc74                        . = ALIGN (0x4)

.igot.plt       0x0011dc74        0x0
 .igot.plt      0x0011dc74        0x0 C:/devkitPro/devkitARM/bin/../lib/gcc/arm-none-eabi/15.1.0/../../../../arm-none-eabi/lib/armv6k/fpu/3dsx_crt0.o

.got            0x0011dc74        0x8
 .got           0x0011dc74        0x8 C:/devkitPro/devkitARM/bin/../lib/gcc/arm-none-eabi/15.1.0/../../../../arm-none-eabi/lib/armv6k/fpu/3dsx_crt0.o

.got.plt        0x0011dc7c        0xc
 .got.plt       0x0011dc7c        0xc C:/devkitPro/devkitARM/bin/../lib/gcc/arm-none-eabi/15.1.0/../../../../arm-none-eabi/lib/armv6k/fpu/3dsx_crt0.o
                0x0011dc7c                _GLOBAL_OFFSET_TABLE_

.tdata          0x0011dc88        0x0
                0x0011dc88                        __tdata_lma = .
 *(.tdata)
 *(.tdata.*)
 *(.gnu.linkonce.td.*)
                0x0011dc88                        . = ALIGN (0x4)
                0x0011dc88                        __tdata_lma_end = .

.tbss           0x0011dc88      0xc08
 *(.tbss)
 *(.tbss.*)
 .tbss.__ctru_dev_utf16_buf
                0x0011dc88      0x802 C:/devkitPro/libctru/lib\libctru.a(path_buf.o)
                0x0011dc88                __ctru_dev_utf16_buf
 *fill*         0x0011e48a        0x2 
 .tbss.__ctru_dev_path_buf
                0x0011e48c      0x401 C:/devkitPro/libctru/lib\libctru.a(path_buf.o)
                0x0011e48c                __ctru_dev_path_buf
 *(.gnu.linkonce.tb.*)
 *(.tcommon)
                0x0011e890                        . = ALIGN (0x4)
 *fill*         0x0011e88d        0x3 

.preinit_array  0x0011dc88        0x0
                0x0011dc88                        PROVIDE (__preinit_array_start = .)
 *(.preinit_array)
                0x0011dc88                        PROVIDE (__preinit_array_end = .)

.init_array     0x0011dc88        0x4
                0x0011dc88                        PROVIDE (__init_array_start = .)
 *(SORT_BY_NAME(.init_array.*))
 *(.init_array)
 .init_array    0x0011dc88        0x4 C:/devkitPro/devkitARM/bin/../lib/gcc/arm-none-eabi/15.1.0/armv6k/fpu/crtbegin.o
                0x0011dc8c                        PROVIDE (__init_array_end = .)

.fini_array     0x0011dc8c        0x4
                0x0011dc8c                        PROVIDE (__fini_array_start = .)
 *(.fini_array)
 .fini_array    0x0011dc8c        0x4 C:/devkitPro/devkitARM/bin/../lib/gcc/arm-none-eabi/15.1.0/armv6k/fpu/crtbegin.o
 *(SORT_BY_NAME(.fini_array.*))
                0x0011dc90                        PROVIDE (__fini_array_end = .)

.ctors
 *crtbegin.o(.ctors)
 *(EXCLUDE_FILE(*crtend.o) .ctors)
 *(SORT_BY_NAME(.ctors.*))
 *(.ctors)

.dtors
 *crtbegin.o(.dtors)
 *(EXCLUDE_FILE(*crtend.o) .dtors)
 *(SORT_BY_NAME(.dtors.*))
 *(.dtors)
                0x0011dc90                        __bss_start__ = .

.bss            0x0011dc90     0x2e2c
 *(.dynbss)
 *(.bss)
 *(.bss.*)
 .bss.completed.1
                0x0011dc90        0x1 C:/devkitPro/devkitARM/bin/../lib/gcc/arm-none-eabi/15.1.0/armv6k/fpu/crtbegin.o
 *fill*         0x0011dc91        0x3 
 .bss.object.0  0x0011dc94       0x18 C:/devkitPro/devkitARM/bin/../lib/gcc/arm-none-eabi/15.1.0/armv6k/fpu/crtbegin.o
 .bss.escapeSeq
                0x0011dcac       0x64 C:/devkitPro/libctru/lib\libctru.a(console.o)
 .bss.currentCopy
                0x0011dd10       0x48 C:/devkitPro/libctru/lib\libctru.a(console.o)
                0x0011dd10                currentCopy
 .bss.screenAlloc
                0x0011dd58        0x4 C:/devkitPro/libctru/lib\libctru.a(gfx.o)
 .bss.screenFree
                0x0011dd5c        0x4 C:/devkitPro/libctru/lib\libctru.a(gfx.o)
 .bss.gfxIsDoubleBuf
                0x0011dd60        0x2 C:/devkitPro/libctru/lib\libctru.a(gfx.o)
 *fill*         0x0011dd62        0x2 
 .bss.gfxCurBuf
                0x0011dd64        0x2 C:/devkitPro/libctru/lib\libctru.a(gfx.o)
 .bss.gfxIsVram
                0x0011dd66        0x1 C:/devkitPro/libctru/lib\libctru.a(gfx.o)
 .bss.gfxTopMode
                0x0011dd67        0x1 C:/devkitPro/libctru/lib\libctru.a(gfx.o)
 .bss.gfxFramebufferFormats
                0x0011dd68        0x2 C:/devkitPro/libctru/lib\libctru.a(gfx.o)
 *fill*         0x0011dd6a        0x2 
 .bss.gfxBottomFramebufferMaxSize
                0x0011dd6c        0x4 C:/devkitPro/libctru/lib\libctru.a(gfx.o)
 .bss.gfxTopFramebufferMaxSize
                0x0011dd70        0x4 C:/devkitPro/libctru/lib\libctru.a(gfx.o)
 *fill*         0x0011dd74        0x4 
 .bss.gfxBottomFramebuffers
                0x0011dd78        0x8 C:/devkitPro/libctru/lib\libctru.a(gfx.o)
 .bss.gfxTopFramebuffers
                0x0011dd80        0x8 C:/devkitPro/libctru/lib\libctru.a(gfx.o)
 .bss.flagValue.0
                0x0011dd88        0x1 C:/devkitPro/libctru/lib\libctru.a(apt.o)
 .bss.flagInit.1
                0x0011dd89        0x1 C:/devkitPro/libctru/lib\libctru.a(apt.o)
 *fill*         0x0011dd8a        0x2 
 .bss.serviceName.6
                0x0011dd8c        0x4 C:/devkitPro/libctru/lib\libctru.a(apt.o)
 .bss.aptChainloadFlags
                0x0011dd90        0x1 C:/devkitPro/libctru/lib\libctru.a(apt.o)
 .bss.aptChainloadMediatype
                0x0011dd91        0x1 C:/devkitPro/libctru/lib\libctru.a(apt.o)
 *fill*         0x0011dd92        0x2 
 .bss.aptChainloadHmac
                0x0011dd94       0x20 C:/devkitPro/libctru/lib\libctru.a(apt.o)
 .bss.aptChainloadDeliverArg
                0x0011ddb4      0x300 C:/devkitPro/libctru/lib\libctru.a(apt.o)
 *fill*         0x0011e0b4        0x4 
 .bss.aptChainloadTid
                0x0011e0b8        0x8 C:/devkitPro/libctru/lib\libctru.a(apt.o)
 .bss.aptParameters
                0x0011e0c0     0x1000 C:/devkitPro/libctru/lib\libctru.a(apt.o)
 .bss.aptFlags  0x0011f0c0        0x4 C:/devkitPro/libctru/lib\libctru.a(apt.o)
 .bss.aptHomeButtonState
                0x0011f0c4        0x1 C:/devkitPro/libctru/lib\libctru.a(apt.o)
 *fill*         0x0011f0c5        0x3 
 .bss.aptMessageFuncData
                0x0011f0c8        0x4 C:/devkitPro/libctru/lib\libctru.a(apt.o)
 .bss.aptMessageFunc
                0x0011f0cc        0x4 C:/devkitPro/libctru/lib\libctru.a(apt.o)
 .bss.aptFirstHook
                0x0011f0d0        0xc C:/devkitPro/libctru/lib\libctru.a(apt.o)
 .bss.aptEventHandlerThreadQuit
                0x0011f0dc        0x1 C:/devkitPro/libctru/lib\libctru.a(apt.o)
 *fill*         0x0011f0dd        0x3 
 .bss.aptEventHandlerThread
                0x0011f0e0        0x4 C:/devkitPro/libctru/lib\libctru.a(apt.o)
 .bss.aptSleepEvent
                0x0011f0e4        0x8 C:/devkitPro/libctru/lib\libctru.a(apt.o)
 .bss.aptReceiveEvent
                0x0011f0ec        0x8 C:/devkitPro/libctru/lib\libctru.a(apt.o)
 .bss.aptEvents
                0x0011f0f4        0x8 C:/devkitPro/libctru/lib\libctru.a(apt.o)
 .bss.aptLockHandle
                0x0011f0fc        0x4 C:/devkitPro/libctru/lib\libctru.a(apt.o)
 .bss.aptRefCount
                0x0011f100        0x4 C:/devkitPro/libctru/lib\libctru.a(apt.o)
 .bss.gspEventCbOneShot
                0x0011f104        0x7 C:/devkitPro/libctru/lib\libctru.a(gspgpu.o)
 *fill*         0x0011f10b        0x1 
 .bss.gspEventCbData
                0x0011f10c       0x1c C:/devkitPro/libctru/lib\libctru.a(gspgpu.o)
 .bss.gspEventCb
                0x0011f128       0x1c C:/devkitPro/libctru/lib\libctru.a(gspgpu.o)
 .bss.gspEvents
                0x0011f144       0x38 C:/devkitPro/libctru/lib\libctru.a(gspgpu.o)
 .bss.gspLastEvent
                0x0011f17c        0x4 C:/devkitPro/libctru/lib\libctru.a(gspgpu.o)
 .bss.gspRunEvents
                0x0011f180        0x1 C:/devkitPro/libctru/lib\libctru.a(gspgpu.o)
 *fill*         0x0011f181        0x3 
 .bss.gspEventThread
                0x0011f184        0x4 C:/devkitPro/libctru/lib\libctru.a(gspgpu.o)
 .bss.gspEvent  0x0011f188        0x4 C:/devkitPro/libctru/lib\libctru.a(gspgpu.o)
 .bss.gspGpuRight
                0x0011f18c        0x1 C:/devkitPro/libctru/lib\libctru.a(gspgpu.o)
 .bss.gspThreadId
                0x0011f18d        0x1 C:/devkitPro/libctru/lib\libctru.a(gspgpu.o)
 *fill*         0x0011f18e        0x2 
 .bss.gspSharedMem
                0x0011f190        0x4 C:/devkitPro/libctru/lib\libctru.a(gspgpu.o)
 .bss.gspSharedMemHandle
                0x0011f194        0x4 C:/devkitPro/libctru/lib\libctru.a(gspgpu.o)
 .bss.gspRefCount
                0x0011f198        0x4 C:/devkitPro/libctru/lib\libctru.a(gspgpu.o)
 .bss.gspGpuHandle
                0x0011f19c        0x4 C:/devkitPro/libctru/lib\libctru.a(gspgpu.o)
 .bss.usingIrrst
                0x0011f1a0        0x1 C:/devkitPro/libctru/lib\libctru.a(hid.o)
 *fill*         0x0011f1a1        0x3 
 .bss.hidRefCount
                0x0011f1a4        0x4 C:/devkitPro/libctru/lib\libctru.a(hid.o)
 .bss.gRate     0x0011f1a8        0x6 C:/devkitPro/libctru/lib\libctru.a(hid.o)
 *fill*         0x0011f1ae        0x2 
 .bss.aVec      0x0011f1b0        0x6 C:/devkitPro/libctru/lib\libctru.a(hid.o)
 *fill*         0x0011f1b6        0x2 
 .bss.cPos      0x0011f1b8        0x4 C:/devkitPro/libctru/lib\libctru.a(hid.o)
 .bss.tPos      0x0011f1bc        0x4 C:/devkitPro/libctru/lib\libctru.a(hid.o)
 .bss.kRepeat   0x0011f1c0        0x4 C:/devkitPro/libctru/lib\libctru.a(hid.o)
 .bss.kUp       0x0011f1c4        0x4 C:/devkitPro/libctru/lib\libctru.a(hid.o)
 .bss.kDown     0x0011f1c8        0x4 C:/devkitPro/libctru/lib\libctru.a(hid.o)
 .bss.kHeld     0x0011f1cc        0x4 C:/devkitPro/libctru/lib\libctru.a(hid.o)
 .bss.kOld      0x0011f1d0        0x4 C:/devkitPro/libctru/lib\libctru.a(hid.o)
 .bss.hidSharedMem
                0x0011f1d4        0x4 C:/devkitPro/libctru/lib\libctru.a(hid.o)
                0x0011f1d4                hidSharedMem
 .bss.hidEvents